Archive member included to satisfy reference by file (symbol)

app/libapp.a(main_remote.c.obj)
                              (--whole-archive)
zephyr/libzephyr.a(heap.c.obj)
                              (--whole-archive)
zephyr/libzephyr.a(cbprintf_packaged.c.obj)
                              (--whole-archive)
zephyr/libzephyr.a(printk.c.obj)
                              (--whole-archive)
zephyr/libzephyr.a(sem.c.obj)
                              (--whole-archive)
zephyr/libzephyr.a(thread_entry.c.obj)
                              (--whole-archive)
zephyr/libzephyr.a(cbprintf_complete.c.obj)
                              (--whole-archive)
zephyr/libzephyr.a(assert.c.obj)
                              (--whole-archive)
zephyr/libzephyr.a(mpsc_pbuf.c.obj)
                              (--whole-archive)
zephyr/libzephyr.a(dec.c.obj)
                              (--whole-archive)
zephyr/libzephyr.a(hex.c.obj)
                              (--whole-archive)
zephyr/libzephyr.a(rb.c.obj)  (--whole-archive)
zephyr/libzephyr.a(timeutil.c.obj)
                              (--whole-archive)
zephyr/libzephyr.a(bitarray.c.obj)
                              (--whole-archive)
zephyr/libzephyr.a(ring_buffer.c.obj)
                              (--whole-archive)
zephyr/libzephyr.a(resource_table.c.obj)
                              (--whole-archive)
zephyr/libzephyr.a(configs.c.obj)
                              (--whole-archive)
zephyr/libzephyr.a(log_core.c.obj)
                              (--whole-archive)
zephyr/libzephyr.a(log_mgmt.c.obj)
                              (--whole-archive)
zephyr/libzephyr.a(log_cache.c.obj)
                              (--whole-archive)
zephyr/libzephyr.a(log_msg.c.obj)
                              (--whole-archive)
zephyr/libzephyr.a(log_output.c.obj)
                              (--whole-archive)
zephyr/libzephyr.a(tracing_none.c.obj)
                              (--whole-archive)
zephyr/libzephyr.a(kernel_shell.c.obj)
                              (--whole-archive)
zephyr/libzephyr.a(cycles.c.obj)
                              (--whole-archive)
zephyr/libzephyr.a(sleep.c.obj)
                              (--whole-archive)
zephyr/libzephyr.a(uptime.c.obj)
                              (--whole-archive)
zephyr/libzephyr.a(version.c.obj)
                              (--whole-archive)
zephyr/libzephyr.a(log-level.c.obj)
                              (--whole-archive)
zephyr/libzephyr.a(thread.c.obj)
                              (--whole-archive)
zephyr/libzephyr.a(list.c.obj)
                              (--whole-archive)
zephyr/libzephyr.a(stacks.c.obj)
                              (--whole-archive)
zephyr/libzephyr.a(suspend.c.obj)
                              (--whole-archive)
zephyr/libzephyr.a(resume.c.obj)
                              (--whole-archive)
zephyr/libzephyr.a(kill.c.obj)
                              (--whole-archive)
zephyr/libzephyr.a(device_service.c.obj)
                              (--whole-archive)
zephyr/libzephyr.a(devmem_service.c.obj)
                              (--whole-archive)
zephyr/libzephyr.a(shell_uart.c.obj)
                              (--whole-archive)
zephyr/libzephyr.a(shell_rpmsg.c.obj)
                              (--whole-archive)
zephyr/libzephyr.a(shell.c.obj)
                              (--whole-archive)
zephyr/libzephyr.a(shell_fprintf.c.obj)
                              (--whole-archive)
zephyr/libzephyr.a(shell_utils.c.obj)
                              (--whole-archive)
zephyr/libzephyr.a(shell_ops.c.obj)
                              (--whole-archive)
zephyr/libzephyr.a(shell_log_backend.c.obj)
                              (--whole-archive)
zephyr/libzephyr.a(shell_help.c.obj)
                              (--whole-archive)
zephyr/libzephyr.a(shell_cmds.c.obj)
                              (--whole-archive)
zephyr/libzephyr.a(shell_history.c.obj)
                              (--whole-archive)
zephyr/libzephyr.a(shell_wildcard.c.obj)
                              (--whole-archive)
zephyr/arch/common/libarch__common.a(sw_isr_common.c.obj)
                              (--whole-archive)
zephyr/arch/common/libarch__common.a(dynamic_isr.c.obj)
                              (--whole-archive)
zephyr/arch/common/libarch__common.a(multilevel_irq.c.obj)
                              (--whole-archive)
zephyr/arch/arch/xtensa/core/libarch__xtensa__core.a(cpu_idle.c.obj)
                              (--whole-archive)
zephyr/arch/arch/xtensa/core/libarch__xtensa__core.a(fatal.c.obj)
                              (--whole-archive)
zephyr/arch/arch/xtensa/core/libarch__xtensa__core.a(window_vectors.S.obj)
                              (--whole-archive)
zephyr/arch/arch/xtensa/core/libarch__xtensa__core.a(xtensa_asm2_util.S.obj)
                              (--whole-archive)
zephyr/arch/arch/xtensa/core/libarch__xtensa__core.a(irq_manage.c.obj)
                              (--whole-archive)
[...]
Memory Configuration

Name             Origin             Length             Attributes
vector_reset_text 0x000000003b6f8000 0x00000000000002e0
vector_reset_lit 0x000000003b6f82e0 0x0000000000000120
vector_base_text 0x000000003b6f8400 0x0000000000000178
vector_int2_lit  0x000000003b6f8578 0x0000000000000004
vector_int2_text 0x000000003b6f857c 0x000000000000001c
vector_int3_lit  0x000000003b6f8598 0x0000000000000004
vector_int3_text 0x000000003b6f859c 0x000000000000001c
vector_int4_lit  0x000000003b6f85b8 0x0000000000000004
vector_int4_text 0x000000003b6f85bc 0x000000000000001c
vector_int5_lit  0x000000003b6f85d8 0x0000000000000004
vector_int5_text 0x000000003b6f85dc 0x000000000000001c
vector_kernel_lit 0x000000003b6f85f8 0x0000000000000004
vector_kernel_text 0x000000003b6f85fc 0x000000000000001c
vector_user_lit  0x000000003b6f8618 0x0000000000000004
vector_user_text 0x000000003b6f861c 0x000000000000001c
vector_double_lit 0x000000003b6f8638 0x0000000000000004
vector_double_text 0x000000003b6f863c 0x000000000000001c
iram_text_start  0x000000003b6f8658 0x00000000000001a8
sdram0           0x0000000092400000 0x0000000000800000
sdram1           0x0000000092c05000 0x00000000007fb000
IDT_LIST         0x000000003b6f8800 0x0000000000002000
static_uuid_entries_seg 0x000000001fffa000 0x0000000000006000 !arl
static_log_entries_seg 0x0000000020000000 0x0000000002000000 !arl
fw_metadata_seg  0x0000000022000000 0x0000000002000000 !arl
*default*        0x0000000000000000 0xffffffffffffffff

Linker script and memory map

                0x000000009240db74                vfprintf = __l_vfprintf
                0x0000000000000000                vfscanf = __l_vfscanf
LOAD zephyr/CMakeFiles/zephyr_pre0.dir/misc/empty_file.c.obj
LOAD zephyr/CMakeFiles/offsets.dir/./arch/xtensa/core/offsets/offsets.c.obj
LOAD app/libapp.a
LOAD zephyr/libzephyr.a
LOAD zephyr/arch/common/libarch__common.a
LOAD zephyr/arch/arch/xtensa/core/libarch__xtensa__core.a
LOAD zephyr/arch/arch/xtensa/core/startup/libarch__xtensa__core__startup.a
LOAD zephyr/lib/libc/picolibc/liblib__libc__picolibc.a
LOAD zephyr/lib/libc/common/liblib__libc__common.a
LOAD zephyr/lib/posix/options/liblib__posix__options.a
LOAD zephyr/drivers/interrupt_controller/libdrivers__interrupt_controller.a
LOAD zephyr/drivers/clock_control/libdrivers__clock_control.a
LOAD zephyr/drivers/console/libdrivers__console.a
LOAD zephyr/drivers/ipm/libdrivers__ipm.a
LOAD zephyr/drivers/pinctrl/libdrivers__pinctrl.a
LOAD zephyr/drivers/serial/libdrivers__serial.a
LOAD zephyr/drivers/timer/libdrivers__timer.a
LOAD modules/hal_nxp/hal_nxp/lib..__modules__hal__nxp.a
LOAD modules/xtensa/libmodules_xtensa_hal.a
LOAD modules/libmetal/libmetal/lib/libmetal.a
LOAD modules/open-amp/open-amp/lib/libopen_amp.a
LOAD zephyr/kernel/libkernel.a
LOAD zephyr/arch/common/libisr_tables.a
LOAD /home/thongp/zephyr-sdk-0.17.0/xtensa-nxp_imx8m_adsp_zephyr-elf/bin/../lib/gcc/../../picolibc/xtensa-nxp_imx8m_adsp_zephyr-elf/lib/libc.a
LOAD /home/thongp/zephyr-sdk-0.17.0/xtensa-nxp_imx8m_adsp_zephyr-elf/bin/../lib/gcc/xtensa-nxp_imx8m_adsp_zephyr-elf/12.2.0/libgcc.a
                [!provide]                        PROVIDE (__memctl_default = 0x0)
                [!provide]                        PROVIDE (_MemErrorHandler = 0x0)
                0x0000000000000000                _rom_store_table = 0x0
                0x000000003b6f8400                PROVIDE (_memmap_vecbase_reset = 0x3b6f8400)
                0x0000000044024000                _memmap_cacheattr_wb_base = 0x44024000
                0x0000000011021000                _memmap_cacheattr_wt_base = 0x11021000
                0x0000000022022000                _memmap_cacheattr_bp_base = 0x22022000
                0x0000000000f00fff                _memmap_cacheattr_unused_mask = 0xf00fff
                0x000000004422422f                _memmap_cacheattr_wb_trapnull = 0x4422422f
                0x000000004422422f                _memmap_cacheattr_wba_trapnull = 0x4422422f
                0x0000000025222222                _memmap_cacheattr_wbna_trapnull = 0x25222222
                0x000000001122122f                _memmap_cacheattr_wt_trapnull = 0x1122122f
                0x000000002222222f                _memmap_cacheattr_bp_trapnull = 0x2222222f
                0x0000000044f24fff                _memmap_cacheattr_wb_strict = 0x44f24fff
                0x0000000011f21fff                _memmap_cacheattr_wt_strict = 0x11f21fff
                0x0000000022f22fff                _memmap_cacheattr_bp_strict = 0x22f22fff
                0x0000000044224222                _memmap_cacheattr_wb_allvalid = 0x44224222
                0x0000000011221222                _memmap_cacheattr_wt_allvalid = 0x11221222
                0x0000000022222222                _memmap_cacheattr_bp_allvalid = 0x22222222
                0x0000000022212222                _memmap_cacheattr_imx8_wt_allvalid = 0x22212222
                0x0000000022212222                PROVIDE (_memmap_cacheattr_reset = _memmap_cacheattr_imx8_wt_allvalid)
                0x0000000000000010                _EXT_MAN_ALIGN_ = 0x10

.resource_table
                0x0000000092400000       0x58
 *(SORT_BY_ALIGNMENT(.resource_table*))
 .resource_table
                0x0000000092400000       0x58 zephyr/libzephyr.a(resource_table.c.obj)

.rel.plt        0x0000000000000000        0x0
 *(SORT_BY_ALIGNMENT(.rel.plt))
                [!provide]                        PROVIDE (__rel_iplt_start = .)
 *(SORT_BY_ALIGNMENT(.rel.iplt))
                [!provide]                        PROVIDE (__rel_iplt_end = .)

.rela.plt       0x0000000000000000        0x0
 *(SORT_BY_ALIGNMENT(.rela.plt))
                [!provide]                        PROVIDE (__rela_iplt_start = .)
 *(SORT_BY_ALIGNMENT(.rela.iplt))
                [!provide]                        PROVIDE (__rela_iplt_end = .)

.rel.dyn
 *(SORT_BY_ALIGNMENT(.rel.*))

.rela.dyn
 *(SORT_BY_ALIGNMENT(.rela.*))

.ResetVector.text
                0x000000003b6f8000      0x121
                0x000000003b6f8000                _ResetVector_text_start = ABSOLUTE (.)
 *(SORT_BY_ALIGNMENT(.ResetVector.text))
 .ResetVector.text
                0x000000003b6f8000      0x121 zephyr/arch/arch/xtensa/core/startup/libarch__xtensa__core__startup.a(reset_vector.S.obj)
                0x000000003b6f8000                __start
                0x000000003b6f8034                _ResetHandler
                0x000000003b6f8121                _ResetVector_text_end = ABSOLUTE (.)

.ResetVector.literal
                0x000000003b6f82e0        0x0
                0x000000003b6f82e0                _ResetVector_literal_start = ABSOLUTE (.)
 *(SORT_BY_ALIGNMENT(.ResetVector.literal))
                0x000000003b6f82e0                _ResetVector_literal_end = ABSOLUTE (.)

.WindowVectors.text
                0x000000003b6f8400      0x16a
                0x000000003b6f8400                _WindowVectors_text_start = ABSOLUTE (.)
 *(SORT_BY_ALIGNMENT(.WindowVectors.text))
 .WindowVectors.text
                0x000000003b6f8400      0x16a zephyr/arch/arch/xtensa/core/libarch__xtensa__core.a(window_vectors.S.obj)
                0x000000003b6f8400                _WindowOverflow4
                0x000000003b6f8440                _WindowUnderflow4
                0x000000003b6f8450                _xt_alloca_exc
                0x000000003b6f8480                _WindowOverflow8
                0x000000003b6f84c0                _WindowUnderflow8
                0x000000003b6f8500                _WindowOverflow12
                0x000000003b6f8540                _WindowUnderflow12
                0x000000003b6f856a                _WindowVectors_text_end = ABSOLUTE (.)

.Level2InterruptVector.literal
                0x000000003b6f8578        0x0
                0x000000003b6f8578                _Level2InterruptVector_literal_start = ABSOLUTE (.)
 *(SORT_BY_ALIGNMENT(.Level2InterruptVector.literal))
                0x000000003b6f8578                _Level2InterruptVector_literal_end = ABSOLUTE (.)

.Level2InterruptVector.text
                0x000000003b6f857c        0x3
                0x000000003b6f857c                _Level2InterruptVector_text_start = ABSOLUTE (.)
 *(SORT_BY_ALIGNMENT(.Level2InterruptVector.text))
 .Level2InterruptVector.text
                0x000000003b6f857c        0x3 zephyr/arch/arch/xtensa/core/libarch__xtensa__core.a(xtensa_asm2_util.S.obj)
                0x000000003b6f857c                _Level2Vector
                0x000000003b6f857f                _Level2InterruptVector_text_end = ABSOLUTE (.)

.Level3InterruptVector.literal
                0x000000003b6f8598        0x0
                0x000000003b6f8598                _Level3InterruptVector_literal_start = ABSOLUTE (.)
 *(SORT_BY_ALIGNMENT(.Level3InterruptVector.literal))
                0x000000003b6f8598                _Level3InterruptVector_literal_end = ABSOLUTE (.)

.Level3InterruptVector.text
                0x000000003b6f859c        0x3
                0x000000003b6f859c                _Level3InterruptVector_text_start = ABSOLUTE (.)
 *(SORT_BY_ALIGNMENT(.Level3InterruptVector.text))
 .Level3InterruptVector.text
                0x000000003b6f859c        0x3 zephyr/arch/arch/xtensa/core/libarch__xtensa__core.a(xtensa_asm2_util.S.obj)
                0x000000003b6f859c                _Level3Vector
                0x000000003b6f859f                _Level3InterruptVector_text_end = ABSOLUTE (.)

.DebugExceptionVector.literal
                0x000000003b6f85b8        0x0
                0x000000003b6f85b8                _DebugExceptionVector_literal_start = ABSOLUTE (.)
 *(SORT_BY_ALIGNMENT(.DebugExceptionVector.literal))
                0x000000003b6f85b8                _DebugExceptionVector_literal_end = ABSOLUTE (.)

.DebugExceptionVector.text
                0x000000003b6f85bc        0x3
                0x000000003b6f85bc                _DebugExceptionVector_text_start = ABSOLUTE (.)
 *(SORT_BY_ALIGNMENT(.DebugExceptionVector.text))
 .DebugExceptionVector.text
                0x000000003b6f85bc        0x3 zephyr/arch/arch/xtensa/core/libarch__xtensa__core.a(xtensa_asm2_util.S.obj)
                0x000000003b6f85bc                _Level4Vector
                0x000000003b6f85bf                _DebugExceptionVector_text_end = ABSOLUTE (.)

.NMIExceptionVector.literal
                0x000000003b6f85d8        0x0
                0x000000003b6f85d8                _NMIExceptionVector_literal_start = ABSOLUTE (.)
 *(SORT_BY_ALIGNMENT(.NMIExceptionVector.literal))
                0x000000003b6f85d8                _NMIExceptionVector_literal_end = ABSOLUTE (.)

.NMIExceptionVector.text
                0x000000003b6f85dc        0x3
                0x000000003b6f85dc                _NMIExceptionVector_text_start = ABSOLUTE (.)
 *(SORT_BY_ALIGNMENT(.NMIExceptionVector.text))
 .NMIExceptionVector.text
                0x000000003b6f85dc        0x3 zephyr/arch/arch/xtensa/core/libarch__xtensa__core.a(xtensa_asm2_util.S.obj)
                0x000000003b6f85dc                _Level5Vector
                0x000000003b6f85df                _NMIExceptionVector_text_end = ABSOLUTE (.)

.KernelExceptionVector.literal
                0x000000003b6f85f8        0x0
                0x000000003b6f85f8                _KernelExceptionVector_literal_start = ABSOLUTE (.)
 *(SORT_BY_ALIGNMENT(.KernelExceptionVector.literal))
                0x000000003b6f85f8                _KernelExceptionVector_literal_end = ABSOLUTE (.)

.KernelExceptionVector.text
                0x000000003b6f85fc        0x3
                0x000000003b6f85fc                _KernelExceptionVector_text_start = ABSOLUTE (.)
 *(SORT_BY_ALIGNMENT(.KernelExceptionVector.text))
 .KernelExceptionVector.text
                0x000000003b6f85fc        0x3 zephyr/arch/arch/xtensa/core/libarch__xtensa__core.a(xtensa_asm2_util.S.obj)
                0x000000003b6f85fc                _KernelExceptionVector
                0x000000003b6f85ff                _KernelExceptionVector_text_end = ABSOLUTE (.)

.UserExceptionVector.literal
                0x000000003b6f8618        0x0
                0x000000003b6f8618                _UserExceptionVector_literal_start = ABSOLUTE (.)
 *(SORT_BY_ALIGNMENT(.UserExceptionVector.literal))
                0x000000003b6f8618                _UserExceptionVector_literal_end = ABSOLUTE (.)

.UserExceptionVector.text
                0x000000003b6f861c       0x16
                0x000000003b6f861c                _UserExceptionVector_text_start = ABSOLUTE (.)
 *(SORT_BY_ALIGNMENT(.UserExceptionVector.text))
 .UserExceptionVector.text
                0x000000003b6f861c       0x16 zephyr/arch/arch/xtensa/core/libarch__xtensa__core.a(xtensa_asm2_util.S.obj)
                0x000000003b6f861c                _Level1RealVector
                0x000000003b6f8632                _UserExceptionVector_text_end = ABSOLUTE (.)

.DoubleExceptionVector.literal
                0x000000003b6f8638        0x0
                0x000000003b6f8638                _DoubleExceptionVector_literal_start = ABSOLUTE (.)
 *(SORT_BY_ALIGNMENT(.DoubleExceptionVector.literal))
                0x000000003b6f8638                _DoubleExceptionVector_literal_end = ABSOLUTE (.)

.DoubleExceptionVector.text
                0x000000003b6f863c        0x3
                0x000000003b6f863c                _DoubleExceptionVector_text_start = ABSOLUTE (.)
 *(SORT_BY_ALIGNMENT(.DoubleExceptionVector.text))
 .DoubleExceptionVector.text
                0x000000003b6f863c        0x3 zephyr/arch/arch/xtensa/core/libarch__xtensa__core.a(xtensa_asm2_util.S.obj)
                0x000000003b6f863c                _DoubleExceptionVector
                0x000000003b6f863f                _DoubleExceptionVector_text_end = ABSOLUTE (.)

.iram.text      0x000000003b6f8658       0xc0
                0x0000000092402720                _stext = .
                0x000000003b6f8658                _iram_text_start = ABSOLUTE (.)
 *(SORT_BY_ALIGNMENT(.iram0.literal) SORT_BY_ALIGNMENT(.iram.literal) SORT_BY_ALIGNMENT(.iram.text.literal) SORT_BY_ALIGNMENT(.iram0.text) SORT_BY_ALIGNMENT(.iram.text))
 .iram.text     0x000000003b6f8658       0xbd zephyr/arch/arch/xtensa/core/libarch__xtensa__core.a(xtensa_asm2_util.S.obj)
                                         0xcd (size before relaxing)
                0x000000003b6f8658                _Level1VectorHelper
                0x000000003b6f8685                _Level2VectorHelper
                0x000000003b6f86a9                _Level3VectorHelper
                0x000000003b6f86cd                _Level4VectorHelper
                0x000000003b6f86f1                _Level5VectorHelper
 .iram0.text    0x000000003b6f8715        0x3 zephyr/arch/arch/xtensa/core/libarch__xtensa__core.a(xtensa_asm2_util.S.obj)
                0x000000003b6f8715                _Level1Vector
                0x000000003b6f8718                _iram_text_end = ABSOLUTE (.)

.rodata         0x0000000092400058     0x26c0
                0x0000000092400058                __rodata_region_start = ABSOLUTE (.)
 *(SORT_BY_ALIGNMENT(.rodata))
 .rodata        0x0000000092400058        0x8 zephyr/kernel/libkernel.a(system_work_q.c.obj)
 .rodata        0x0000000092400060       0x10 zephyr/libzephyr.a(shell.c.obj)
 .rodata        0x0000000092400070       0x12 zephyr/libzephyr.a(shell_ops.c.obj)
 .rodata        0x0000000092400082       0x1a zephyr/libzephyr.a(shell_cmds.c.obj)
 *(SORT_BY_ALIGNMENT(.rodata.*))
 .rodata.mpsc_config
                0x000000009240009c       0x14 zephyr/libzephyr.a(log_core.c.obj)
 .rodata.colors
                0x00000000924000b0       0x14 zephyr/libzephyr.a(log_output.c.obj)
 .rodata.severity
                0x00000000924000c4       0x14 zephyr/libzephyr.a(log_output.c.obj)
 .rodata._shell_kernel
                0x00000000924000d8       0x14 zephyr/libzephyr.a(kernel_shell.c.obj)
 .rodata._shell_device
                0x00000000924000ec       0x14 zephyr/libzephyr.a(device_service.c.obj)
 .rodata.sub_device
                0x0000000092400100        0x4 zephyr/libzephyr.a(device_service.c.obj)
 .rodata.shell_sub_device
                0x0000000092400104       0x28 zephyr/libzephyr.a(device_service.c.obj)
 .rodata._shell_devmem
                0x000000009240012c       0x14 zephyr/libzephyr.a(devmem_service.c.obj)
 .rodata.sub_devmem
                0x0000000092400140        0x4 zephyr/libzephyr.a(devmem_service.c.obj)
 .rodata.shell_sub_devmem
                0x0000000092400144       0x3c zephyr/libzephyr.a(devmem_service.c.obj)
 .rodata.cfg_flags$0
                0x0000000092400180        0x4 zephyr/libzephyr.a(shell_uart.c.obj)
 .rodata.shell_uart_fprintf
                0x0000000092400184       0x14 zephyr/libzephyr.a(shell_uart.c.obj)
 .rodata.shell_uart_log_backend
                0x0000000092400198       0x18 zephyr/libzephyr.a(shell_uart.c.obj)
 .rodata.shell_uart_mpsc_buffer_config
                0x00000000924001b0       0x14 zephyr/libzephyr.a(shell_uart.c.obj)
                0x00000000924001b0                shell_uart_mpsc_buffer_config
 .rodata.shell_uart_log_output
                0x00000000924001c4       0x10 zephyr/libzephyr.a(shell_uart.c.obj)
 .rodata.shell_uart_transport_api
                0x00000000924001d4       0x18 zephyr/libzephyr.a(shell_uart.c.obj)
                0x00000000924001d4                shell_uart_transport_api
 .rodata.cfg_flags$0
                0x00000000924001ec        0x4 zephyr/libzephyr.a(shell_rpmsg.c.obj)
 .rodata.shell_rpmsg_transport_api
                0x00000000924001f0       0x18 zephyr/libzephyr.a(shell_rpmsg.c.obj)
                0x00000000924001f0                shell_rpmsg_transport_api
 .rodata.shell_rpmsg_fprintf
                0x0000000092400208       0x14 zephyr/libzephyr.a(shell_rpmsg.c.obj)
 .rodata.shell_rpmsg_log_backend
                0x000000009240021c       0x18 zephyr/libzephyr.a(shell_rpmsg.c.obj)
 .rodata.shell_rpmsg_mpsc_buffer_config
                0x0000000092400234       0x14 zephyr/libzephyr.a(shell_rpmsg.c.obj)
                0x0000000092400234                shell_rpmsg_mpsc_buffer_config
 .rodata.shell_rpmsg_log_output
                0x0000000092400248       0x10 zephyr/libzephyr.a(shell_rpmsg.c.obj)
 .rodata.shell_process
                0x0000000092400258       0xcc zephyr/libzephyr.a(shell.c.obj)
 .rodata._shell_help
                0x0000000092400324       0x14 zephyr/libzephyr.a(shell.c.obj)
 .rodata.log_backend_shell_api
                0x0000000092400338       0x1c zephyr/libzephyr.a(shell_log_backend.c.obj)
                0x0000000092400338                log_backend_shell_api
 .rodata._shell_retval
                0x0000000092400354       0x14 zephyr/libzephyr.a(shell_cmds.c.obj)
 .rodata._shell_resize
                0x0000000092400368       0x14 zephyr/libzephyr.a(shell_cmds.c.obj)
 .rodata._shell_history
                0x000000009240037c       0x14 zephyr/libzephyr.a(shell_cmds.c.obj)
 .rodata._shell_shell
                0x0000000092400390       0x14 zephyr/libzephyr.a(shell_cmds.c.obj)
 .rodata._shell_clear
                0x00000000924003a4       0x14 zephyr/libzephyr.a(shell_cmds.c.obj)
 .rodata._shell_rem
                0x00000000924003b8       0x14 zephyr/libzephyr.a(shell_cmds.c.obj)
 .rodata.m_sub_resize
                0x00000000924003cc        0x4 zephyr/libzephyr.a(shell_cmds.c.obj)
 .rodata.shell_m_sub_resize
                0x00000000924003d0       0x28 zephyr/libzephyr.a(shell_cmds.c.obj)
 .rodata.m_sub_shell
                0x00000000924003f8        0x4 zephyr/libzephyr.a(shell_cmds.c.obj)
 .rodata.shell_m_sub_shell
                0x00000000924003fc       0xa0 zephyr/libzephyr.a(shell_cmds.c.obj)
 .rodata.m_sub_backspace_mode
                0x000000009240049c        0x4 zephyr/libzephyr.a(shell_cmds.c.obj)
 .rodata.shell_m_sub_backspace_mode
                0x00000000924004a0       0x3c zephyr/libzephyr.a(shell_cmds.c.obj)
 .rodata.m_sub_shell_stats
                0x00000000924004dc        0x4 zephyr/libzephyr.a(shell_cmds.c.obj)
 .rodata.shell_m_sub_shell_stats
                0x00000000924004e0       0x3c zephyr/libzephyr.a(shell_cmds.c.obj)
 .rodata.m_sub_echo
                0x000000009240051c        0x4 zephyr/libzephyr.a(shell_cmds.c.obj)
 .rodata.shell_m_sub_echo
                0x0000000092400520       0x3c zephyr/libzephyr.a(shell_cmds.c.obj)
 .rodata.m_sub_prompt
                0x000000009240055c        0x4 zephyr/libzephyr.a(shell_cmds.c.obj)
 .rodata.shell_m_sub_prompt
                0x0000000092400560       0x3c zephyr/libzephyr.a(shell_cmds.c.obj)
 .rodata.m_sub_vt100
                0x000000009240059c        0x4 zephyr/libzephyr.a(shell_cmds.c.obj)
 .rodata.shell_m_sub_vt100
                0x00000000924005a0       0x3c zephyr/libzephyr.a(shell_cmds.c.obj)
 .rodata.m_sub_colors
                0x00000000924005dc        0x4 zephyr/libzephyr.a(shell_cmds.c.obj)
 .rodata.shell_m_sub_colors
                0x00000000924005e0       0x3c zephyr/libzephyr.a(shell_cmds.c.obj)
 .rodata.CSWTCH$3
                0x000000009240061c      0x104 zephyr/arch/arch/xtensa/core/libarch__xtensa__core.a(fatal.c.obj)
 .rodata.__dev_dt_meta_dts_ord_11
                0x0000000092400720        0x4 zephyr/drivers/interrupt_controller/libdrivers__interrupt_controller.a(intc_nxp_irqsteer.c.obj)
 .rodata.__dev_dt_nodelabels_dts_ord_11
                0x0000000092400724        0x8 zephyr/drivers/interrupt_controller/libdrivers__interrupt_controller.a(intc_nxp_irqsteer.c.obj)
 .rodata.__dev_dt_meta_dts_ord_52
                0x000000009240072c        0x4 zephyr/drivers/clock_control/libdrivers__clock_control.a(clock_control_mcux_ccm.c.obj)
 .rodata.__dev_dt_nodelabels_dts_ord_52
                0x0000000092400730        0x8 zephyr/drivers/clock_control/libdrivers__clock_control.a(clock_control_mcux_ccm.c.obj)
 .rodata.uart_clocks
                0x0000000092400738       0x10 zephyr/drivers/clock_control/libdrivers__clock_control.a(clock_control_mcux_ccm.c.obj)
 .rodata.uart_clk_root
                0x0000000092400748       0x10 zephyr/drivers/clock_control/libdrivers__clock_control.a(clock_control_mcux_ccm.c.obj)
 .rodata.__dev_dt_meta_dts_ord_49
                0x0000000092400758        0x4 zephyr/drivers/ipm/libdrivers__ipm.a(ipm_imx.c.obj)
 .rodata.__dev_dt_nodelabels_dts_ord_49
                0x000000009240075c        0x8 zephyr/drivers/ipm/libdrivers__ipm.a(ipm_imx.c.obj)
 .rodata.imx_mu_b_config
                0x0000000092400764        0x8 zephyr/drivers/ipm/libdrivers__ipm.a(ipm_imx.c.obj)
 .rodata.__pinctrl_dev_config__device_dts_ord_55
                0x000000009240076c        0x8 zephyr/drivers/serial/libdrivers__serial.a(uart_mcux_iuart.c.obj)
 .rodata.__pinctrl_states__device_dts_ord_55
                0x0000000092400774        0x8 zephyr/drivers/serial/libdrivers__serial.a(uart_mcux_iuart.c.obj)
 .rodata.__pinctrl_state_pins_0__device_dts_ord_55
                0x000000009240077c       0x28 zephyr/drivers/serial/libdrivers__serial.a(uart_mcux_iuart.c.obj)
 .rodata.__dev_dt_meta_dts_ord_55
                0x00000000924007a4        0x4 zephyr/drivers/serial/libdrivers__serial.a(uart_mcux_iuart.c.obj)
 .rodata.__dev_dt_nodelabels_dts_ord_55
                0x00000000924007a8        0x8 zephyr/drivers/serial/libdrivers__serial.a(uart_mcux_iuart.c.obj)
 .rodata.mcux_iuart_0_config
                0x00000000924007b0       0x1c zephyr/drivers/serial/libdrivers__serial.a(uart_mcux_iuart.c.obj)
 .rodata.s_uartClock
                0x00000000924007cc       0x14 modules/hal_nxp/hal_nxp/lib..__modules__hal__nxp.a(fsl_uart.c.obj)
 .rodata.level_strs
                0x00000000924007e0       0x20 modules/libmetal/libmetal/lib/libmetal.a(log.c.obj)
 .rodata.remoteproc_virtio_dispatch_funcs
                0x0000000092400800       0x2c modules/open-amp/open-amp/lib/libopen_amp.a(remoteproc_virtio.c.obj)
 .rodata.CSWTCH$409
                0x000000009240082c       0x14 zephyr/kernel/libkernel.a(fatal.c.obj)
 .rodata.levels$0
                0x0000000092400840       0x18 zephyr/kernel/libkernel.a(init.c.obj)
 .rodata.state_string$0
                0x0000000092400858       0x40 zephyr/kernel/libkernel.a(thread.c.obj)
 .rodata.__l_vfprintf
                0x0000000092400898       0x90 /home/thongp/zephyr-sdk-0.17.0/xtensa-nxp_imx8m_adsp_zephyr-elf/bin/../lib/gcc/../../picolibc/xtensa-nxp_imx8m_adsp_zephyr-elf/lib/libc.a(libc_tinystdio_vflprintf.c.o)
 .rodata.new_service_cb$part$0.str1.1
                0x0000000092400928       0x2e app/libapp.a(main_remote.c.obj)
 .rodata.app_rpmsg_tty.str1.1
                0x0000000092400956       0x5a app/libapp.a(main_remote.c.obj)
 .rodata.mailbox_notify.str1.1
                0x00000000924009b0       0x15 app/libapp.a(main_remote.c.obj)
 .rodata.platform_ipm_callback.str1.1
                0x00000000924009c5       0x20 app/libapp.a(main_remote.c.obj)
 .rodata.app_rpmsg_client_sample.str1.1
                0x00000000924009e5       0xd6 app/libapp.a(main_remote.c.obj)
 .rodata.platform_init.str1.1
                0x0000000092400abb       0x46 app/libapp.a(main_remote.c.obj)
 .rodata.platform_create_rpmsg_vdev.str1.1
                0x0000000092400b01       0x5b app/libapp.a(main_remote.c.obj)
 .rodata.rpmsg_mng_task.str1.1
                0x0000000092400b5c       0x83 app/libapp.a(main_remote.c.obj)
 .rodata.main.str1.1
                0x0000000092400bdf       0x1e app/libapp.a(main_remote.c.obj)
 .rodata.__func__$0
                0x0000000092400bfd        0xf app/libapp.a(main_remote.c.obj)
 .rodata.__func__$1
                0x0000000092400c0c       0x16 app/libapp.a(main_remote.c.obj)
 .rodata.__func__$2
                0x0000000092400c22        0xf app/libapp.a(main_remote.c.obj)
 .rodata.str1.1
                0x0000000092400c31       0x12 app/libapp.a(main_remote.c.obj)
 .rodata.cbprintf_package_convert.str1.1
                0x0000000092400c43       0xa3 zephyr/libzephyr.a(cbprintf_packaged.c.obj)
 .rodata.str1.1
                0x0000000092400ce6       0x11 zephyr/libzephyr.a(cbprintf_packaged.c.obj)
 .rodata.enable_logger.str1.1
                0x0000000092400cf7        0x8 zephyr/libzephyr.a(log_core.c.obj)
 .rodata.str1.1
                0x0000000092400cff        0x4 zephyr/libzephyr.a(log_core.c.obj)
 .rodata.str1.1
                0x0000000092400d03        0x9 zephyr/libzephyr.a(log_mgmt.c.obj)
 .rodata.z_impl_z_log_msg_static_create.str1.1
                0x0000000092400d0c       0x3f zephyr/libzephyr.a(log_msg.c.obj)
 .rodata.newline_print.str1.1
                0x0000000092400d4b       0x3f zephyr/libzephyr.a(log_output.c.obj)
                                          0x5 (size before relaxing)
 .rodata.log_output_process.str1.1
                0x0000000092400d4b       0x45 zephyr/libzephyr.a(log_output.c.obj)
                                         0x51 (size before relaxing)
 .rodata.log_output_dropped_process.str1.1
                0x0000000092400d90       0x45 zephyr/libzephyr.a(log_output.c.obj)
                                          0x3 (size before relaxing)
 .rodata.postfix$0
                0x0000000092400d90       0x1c zephyr/libzephyr.a(log_output.c.obj)
 .rodata.prefix$1
                0x0000000092400dac        0xc zephyr/libzephyr.a(log_output.c.obj)
 .rodata.str1.1
                0x0000000092400db8       0x20 zephyr/libzephyr.a(log_output.c.obj)
 .rodata.str1.1
                0x0000000092400dd8       0x17 zephyr/libzephyr.a(kernel_shell.c.obj)
 .rodata.cmd_kernel_cycles.str1.1
                0x0000000092400def       0x16 zephyr/libzephyr.a(cycles.c.obj)
 .rodata.str1.1
                0x0000000092400e05       0x16 zephyr/libzephyr.a(cycles.c.obj)
 .rodata.cmd_kernel_sleep.str1.1
                0x0000000092400e1b       0x20 zephyr/libzephyr.a(sleep.c.obj)
 .rodata.str1.1
                0x0000000092400e3b        0x9 zephyr/libzephyr.a(sleep.c.obj)
 .rodata.cmd_kernel_uptime.str1.1
                0x0000000092400e44       0x83 zephyr/libzephyr.a(uptime.c.obj)
 .rodata.str1.1
                0x0000000092400ec7       0x44 zephyr/libzephyr.a(uptime.c.obj)
 .rodata.cmd_kernel_version.str1.1
                0x0000000092400f0b       0x1d zephyr/libzephyr.a(version.c.obj)
 .rodata.str1.1
                0x0000000092400f28       0x18 zephyr/libzephyr.a(version.c.obj)
 .rodata.cmd_kernel_log_level_set.str1.1
                0x0000000092400f40       0xc3 zephyr/libzephyr.a(log-level.c.obj)
 .rodata.str1.1
                0x0000000092401003       0x29 zephyr/libzephyr.a(log-level.c.obj)
 .rodata.str1.1
                0x000000009240102c       0x17 zephyr/libzephyr.a(thread.c.obj)
 .rodata.cmd_kernel_thread_list.str1.1
                0x0000000092401043       0x29 zephyr/libzephyr.a(list.c.obj)
 .rodata.shell_tdata_dump.str1.1
                0x000000009240106c       0xb6 zephyr/libzephyr.a(list.c.obj)
                                         0xba (size before relaxing)
 .rodata.str1.1
                0x0000000092401122       0x1a zephyr/libzephyr.a(list.c.obj)
 .rodata.cmd_kernel_thread_stacks.str1.1
                0x000000009240113c       0x49 zephyr/libzephyr.a(stacks.c.obj)
 .rodata.shell_stack_dump.str1.1
                0x0000000092401185       0x43 zephyr/libzephyr.a(stacks.c.obj)
                                         0x73 (size before relaxing)
 .rodata.str1.1
                0x00000000924011c8       0x21 zephyr/libzephyr.a(stacks.c.obj)
 .rodata.cmd_kernel_thread_suspend.str1.1
                0x00000000924011e9       0x58 zephyr/libzephyr.a(suspend.c.obj)
 .rodata.str1.1
                0x0000000092401241       0x2a zephyr/libzephyr.a(suspend.c.obj)
 .rodata.cmd_kernel_thread_resume.str1.1
                0x000000009240126b       0x39 zephyr/libzephyr.a(resume.c.obj)
                                         0x54 (size before relaxing)
 .rodata.str1.1
                0x00000000924012a4       0x28 zephyr/libzephyr.a(resume.c.obj)
 .rodata.cmd_kernel_thread_kill.str1.1
                0x00000000924012cc       0x39 zephyr/libzephyr.a(kill.c.obj)
                                         0x54 (size before relaxing)
 .rodata.str1.1
                0x0000000092401305       0x24 zephyr/libzephyr.a(kill.c.obj)
 .rodata.cmd_device_list.str1.1
                0x0000000092401329       0x35 zephyr/libzephyr.a(device_service.c.obj)
                                         0x42 (size before relaxing)
 .rodata.str1.1
                0x000000009240135e       0x28 zephyr/libzephyr.a(device_service.c.obj)
                                         0x34 (size before relaxing)
 .rodata.cmd_devmem.str1.1
                0x0000000092401386       0x50 zephyr/libzephyr.a(devmem_service.c.obj)
 .rodata.cmd_dump.str1.1
                0x00000000924013d6       0x78 zephyr/libzephyr.a(devmem_service.c.obj)
 .rodata.set_bypass$isra$0.str1.1
                0x000000009240144e       0x65 zephyr/libzephyr.a(devmem_service.c.obj)
 .rodata.bypass_cb.str1.1
                0x00000000924014b3       0x1a zephyr/libzephyr.a(devmem_service.c.obj)
 .rodata.cmd_load.str1.1
                0x00000000924014cd       0x1b zephyr/libzephyr.a(devmem_service.c.obj)
 .rodata.str1.1
                0x00000000924014e8      0x152 zephyr/libzephyr.a(devmem_service.c.obj)
 .rodata.uart_callback.str1.1
                0x000000009240163a       0x15 zephyr/libzephyr.a(shell_uart.c.obj)
 .rodata.str1.1
                0x000000009240164f       0x2d zephyr/libzephyr.a(shell_uart.c.obj)
                                         0x38 (size before relaxing)
 .rodata.init.str1.1
                0x000000009240167c        0xa zephyr/libzephyr.a(shell_rpmsg.c.obj)
 .rodata.str1.1
                0x000000009240167c       0x2e zephyr/libzephyr.a(shell_rpmsg.c.obj)
                                         0x3a (size before relaxing)
 .rodata.shell_internal_help_print.str1.1
                0x00000000924016aa        0xe zephyr/libzephyr.a(shell.c.obj)
 .rodata.z_cursor_next_line_move$isra$0.str1.1
                0x00000000924016b8        0x2 zephyr/libzephyr.a(shell.c.obj)
 .rodata.state_set$constprop$0.str1.1
                0x00000000924016b8       0x44 zephyr/libzephyr.a(shell.c.obj)
                                         0x47 (size before relaxing)
 .rodata.execute.str1.1
                0x00000000924016fc       0xb4 zephyr/libzephyr.a(shell.c.obj)
                                         0xbe (size before relaxing)
 .rodata.shell_process.str1.1
                0x00000000924017b0        0x6 zephyr/libzephyr.a(shell.c.obj)
                                          0x9 (size before relaxing)
 .rodata.shell_thread.str1.1
                0x00000000924017b6       0x17 zephyr/libzephyr.a(shell.c.obj)
 .rodata.cmd_help.str1.1
                0x00000000924017cd      0x1a1 zephyr/libzephyr.a(shell.c.obj)
 .rodata.shell_hexdump_line.str1.1
                0x000000009240196e        0xa zephyr/libzephyr.a(shell.c.obj)
                                         0x1b (size before relaxing)
 .rodata.str1.1
                0x0000000092401978       0x19 zephyr/libzephyr.a(shell.c.obj)
                                         0x1e (size before relaxing)
 .rodata.z_cursor_next_line_move$isra$0.str1.1
                0x0000000092401991        0x2 zephyr/libzephyr.a(shell_ops.c.obj)
 .rodata.z_shell_op_cursor_vert_move.str1.1
                0x0000000092401991        0x7 zephyr/libzephyr.a(shell_ops.c.obj)
 .rodata.z_shell_print_cmd.str1.1
                0x0000000092401998        0x7 zephyr/libzephyr.a(shell_ops.c.obj)
 .rodata.z_shell_vt100_color_set.str1.1
                0x0000000092401998        0x9 zephyr/libzephyr.a(shell_ops.c.obj)
 .rodata.z_shell_vt100_colors_restore.str1.1
                0x00000000924019a1        0x9 zephyr/libzephyr.a(shell_ops.c.obj)
 .rodata.reprint_from_cursor.str1.1
                0x00000000924019aa        0x5 zephyr/libzephyr.a(shell_ops.c.obj)
 .rodata.z_cursor_next_line_move$isra$0.str1.1
                0x00000000924019aa        0x2 zephyr/libzephyr.a(shell_help.c.obj)
 .rodata.z_shell_help_subcmd_print.str1.1
                0x00000000924019aa        0x7 zephyr/libzephyr.a(shell_help.c.obj)
                                          0xc (size before relaxing)
 .rodata.z_shell_help_cmd_print.str1.1
                0x00000000924019b1        0x7 zephyr/libzephyr.a(shell_help.c.obj)
                                          0x5 (size before relaxing)
 .rodata.z_shell_help_request.str1.1
                0x00000000924019b1        0xa zephyr/libzephyr.a(shell_help.c.obj)
 .rodata.cmd_sep$0
                0x00000000924019bb        0x4 zephyr/libzephyr.a(shell_help.c.obj)
 .rodata.tabulator$2
                0x00000000924019bf        0x3 zephyr/libzephyr.a(shell_help.c.obj)
 .rodata.cmd_shell_stats_show.str1.1
                0x00000000924019c2       0x10 zephyr/libzephyr.a(shell_cmds.c.obj)
 .rodata.cmd_backends.str1.1
                0x00000000924019d2       0x29 zephyr/libzephyr.a(shell_cmds.c.obj)
 .rodata.cmd_prompt_off.str1.1
                0x00000000924019fb       0x29 zephyr/libzephyr.a(shell_cmds.c.obj)
                                          0x1 (size before relaxing)
 .rodata.cmd_history.str1.1
                0x00000000924019fb        0xa zephyr/libzephyr.a(shell_cmds.c.obj)
 .rodata.cmd_get_retval.str1.1
                0x0000000092401a05        0xa zephyr/libzephyr.a(shell_cmds.c.obj)
                                          0x4 (size before relaxing)
 .rodata.cmd_echo.str1.1
                0x0000000092401a05       0x33 zephyr/libzephyr.a(shell_cmds.c.obj)
                                         0x36 (size before relaxing)
 .rodata.cmd_resize.str1.1
                0x0000000092401a38       0x3a zephyr/libzephyr.a(shell_cmds.c.obj)
 .rodata.cmd_get_terminal_size$0
                0x0000000092401a72        0x5 zephyr/libzephyr.a(shell_cmds.c.obj)
 .rodata.str1.1
                0x0000000092401a77      0x4c3 zephyr/libzephyr.a(shell_cmds.c.obj)
 .rodata.z_shell_wildcard_process.str1.1
                0x0000000092401f3a       0x52 zephyr/libzephyr.a(shell_wildcard.c.obj)
 .rodata.xtensa_exccause.str1.1
                0x0000000092401f8c       0x11 zephyr/arch/arch/xtensa/core/libarch__xtensa__core.a(fatal.c.obj)
 .rodata.str1.1
                0x0000000092401f9d      0x1c9 zephyr/arch/arch/xtensa/core/libarch__xtensa__core.a(fatal.c.obj)
 .rodata.z_irq_spurious.str1.1
                0x0000000092402166       0x2d zephyr/arch/arch/xtensa/core/libarch__xtensa__core.a(irq_manage.c.obj)
 .rodata.xtensa_dump_stack$part$0.str1.1
                0x0000000092402193       0xbb zephyr/arch/arch/xtensa/core/libarch__xtensa__core.a(vector_handlers.c.obj)
 .rodata.xtensa_excint1_c.str1.1
                0x000000009240224e       0xc7 zephyr/arch/arch/xtensa/core/libarch__xtensa__core.a(vector_handlers.c.obj)
 .rodata.getopt_init.str1.1
                0x0000000092402315        0x1 zephyr/lib/posix/options/liblib__posix__options.a(getopt.c.obj)
 .rodata.str1.1
                0x0000000092402315        0x7 zephyr/lib/posix/options/liblib__posix__options.a(getopt.c.obj)
 .rodata.str1.1
                0x000000009240231c        0x1 zephyr/lib/posix/options/liblib__posix__options.a(getopt_common.c.obj)
 .rodata.z_soc_irq_enable_disable.str1.1
                0x000000009240231c       0x7b zephyr/drivers/interrupt_controller/libdrivers__interrupt_controller.a(intc_nxp_irqsteer.c.obj)
 .rodata.str1.1
                0x0000000092402397       0x32 zephyr/drivers/interrupt_controller/libdrivers__interrupt_controller.a(intc_nxp_irqsteer.c.obj)
 .rodata.str1.1
                0x00000000924023c9       0x1f zephyr/drivers/clock_control/libdrivers__clock_control.a(clock_control_mcux_ccm.c.obj)
 .rodata.str1.1
                0x00000000924023e8       0x1a zephyr/drivers/ipm/libdrivers__ipm.a(ipm_imx.c.obj)
 .rodata.str1.1
                0x0000000092402402       0x14 zephyr/drivers/serial/libdrivers__serial.a(uart_mcux_iuart.c.obj)
 .rodata.CSWTCH$33
                0x0000000092402416        0x6 modules/hal_nxp/hal_nxp/lib..__modules__hal__nxp.a(fsl_uart.c.obj)
 .rodata.metal_bus_unregister.str1.1
                0x000000009240241c       0x15 modules/libmetal/libmetal/lib/libmetal.a(device.c.obj)
 .rodata.metal_bus_register.str1.1
                0x0000000092402431       0x15 modules/libmetal/libmetal/lib/libmetal.a(device.c.obj)
                                         0x13 (size before relaxing)
 .rodata.str1.1
                0x0000000092402431        0x8 modules/libmetal/libmetal/lib/libmetal.a(device.c.obj)
 .rodata.metal_zephyr_log_handler.str1.1
                0x0000000092402439        0x3 modules/libmetal/libmetal/lib/libmetal.a(log.c.obj)
 .rodata.str1.1
                0x0000000092402439       0x98 modules/libmetal/libmetal/lib/libmetal.a(log.c.obj)
 .rodata.virtqueue_free.str1.1
                0x00000000924024d1       0x22 modules/open-amp/open-amp/lib/libopen_amp.a(virtqueue.c.obj)
 .rodata.rpmsg_virtio_buf_held_dec_test.str1.1
                0x00000000924024f3       0x21 modules/open-amp/open-amp/lib/libopen_amp.a(rpmsg_virtio.c.obj)
 .rodata.rpmsg_init_vdev_with_config.str1.1
                0x0000000092402514        0xf modules/open-amp/open-amp/lib/libopen_amp.a(rpmsg_virtio.c.obj)
 .rodata.k_sys_fatal_error_handler.str1.1
                0x0000000092402523        0xf zephyr/kernel/libkernel.a(fatal.c.obj)
 .rodata.z_fatal_error.str1.1
                0x0000000092402532       0x56 zephyr/kernel/libkernel.a(fatal.c.obj)
 .rodata.str1.1
                0x0000000092402588       0x4a zephyr/kernel/libkernel.a(fatal.c.obj)
 .rodata.z_init_cpu.str1.1
                0x00000000924025d2        0x5 zephyr/kernel/libkernel.a(init.c.obj)
 .rodata.z_cstart.str1.1
                0x00000000924025d7        0x5 zephyr/kernel/libkernel.a(init.c.obj)
 .rodata.str1.1
                0x00000000924025dc        0x3 zephyr/kernel/libkernel.a(init.c.obj)
 .rodata.k_thread_state_str.str1.1
                0x00000000924025df        0x2 zephyr/kernel/libkernel.a(thread.c.obj)
                                          0x3 (size before relaxing)
 .rodata.str1.1
                0x00000000924025e1       0x39 zephyr/kernel/libkernel.a(thread.c.obj)
                                         0x41 (size before relaxing)
 .rodata.boot_banner.str1.1
                0x000000009240261a       0x3e zephyr/kernel/libkernel.a(banner.c.obj)
 .rodata.k_sys_work_q_init.str1.1
                0x0000000092402658        0x9 zephyr/kernel/libkernel.a(system_work_q.c.obj)
 .rodata.__l_vfprintf.str1.1
                0x0000000092402661        0xf /home/thongp/zephyr-sdk-0.17.0/xtensa-nxp_imx8m_adsp_zephyr-elf/bin/../lib/gcc/../../picolibc/xtensa-nxp_imx8m_adsp_zephyr-elf/lib/libc.a(libc_tinystdio_vflprintf.c.o)
 *(SORT_BY_ALIGNMENT(.gnu.linkonce.r.*))
 *(SORT_BY_ALIGNMENT(.rodata1))
                0x0000000092402670                __XT_EXCEPTION_TABLE__ = ABSOLUTE (.)
 *(SORT_BY_ALIGNMENT(.xt_except_table))
 *(SORT_BY_ALIGNMENT(.gcc_except_table) SORT_BY_ALIGNMENT(.gcc_except_table.*))
 *(SORT_BY_ALIGNMENT(.gnu.linkonce.e.*))
 *(SORT_BY_ALIGNMENT(.gnu.version_r))
 *(SORT_BY_ALIGNMENT(.eh_frame))
 .eh_frame      0x0000000092402670       0x28 /home/thongp/zephyr-sdk-0.17.0/xtensa-nxp_imx8m_adsp_zephyr-elf/bin/../lib/gcc/xtensa-nxp_imx8m_adsp_zephyr-elf/12.2.0/libgcc.a(_divdi3.o)
 .eh_frame      0x0000000092402698       0x28 /home/thongp/zephyr-sdk-0.17.0/xtensa-nxp_imx8m_adsp_zephyr-elf/bin/../lib/gcc/xtensa-nxp_imx8m_adsp_zephyr-elf/12.2.0/libgcc.a(_moddi3.o)
 .eh_frame      0x00000000924026c0       0x28 /home/thongp/zephyr-sdk-0.17.0/xtensa-nxp_imx8m_adsp_zephyr-elf/bin/../lib/gcc/xtensa-nxp_imx8m_adsp_zephyr-elf/12.2.0/libgcc.a(_udivdi3.o)
 .eh_frame      0x00000000924026e8       0x28 /home/thongp/zephyr-sdk-0.17.0/xtensa-nxp_imx8m_adsp_zephyr-elf/bin/../lib/gcc/xtensa-nxp_imx8m_adsp_zephyr-elf/12.2.0/libgcc.a(_umoddi3.o)
 *crtbegin.o(SORT_BY_ALIGNMENT(.ctors))
 *(SORT_BY_ALIGNMENT(EXCLUDE_FILE(*crtend.o) .ctors))
 *(SORT_BY_NAME(SORT_BY_ALIGNMENT(.ctors.*)))
 *(SORT_BY_ALIGNMENT(.ctors))
 *crtbegin.o(SORT_BY_ALIGNMENT(.dtors))
 *(SORT_BY_ALIGNMENT(EXCLUDE_FILE(*crtend.o) .dtors))
 *(SORT_BY_NAME(SORT_BY_ALIGNMENT(.dtors.*)))
 *(SORT_BY_ALIGNMENT(.dtors))
                0x0000000092402710                __XT_EXCEPTION_DESCS__ = ABSOLUTE (.)
 *(SORT_BY_ALIGNMENT(.xt_except_desc))
 *(SORT_BY_ALIGNMENT(.gnu.linkonce.h.*))
                0x0000000092402710                __XT_EXCEPTION_DESCS_END__ = ABSOLUTE (.)
 *(SORT_BY_ALIGNMENT(.xt_except_desc_end))
 *(SORT_BY_ALIGNMENT(.dynamic))
 *(SORT_BY_ALIGNMENT(.gnu.version_d))
                0x0000000092402710                . = ALIGN (0x4)
                0x0000000092402710                _bss_table_start = ABSOLUTE (.)
                0x0000000092402710        0x4 LONG 0x924157f0 _bss_start
                0x0000000092402714        0x4 LONG 0x92417240 _bss_end
                0x0000000092402718                _bss_table_end = ABSOLUTE (.)
                0x0000000092402718                __rodata_region_end = ABSOLUTE (.)

.module_init    0x0000000092402718        0x0
                0x0000000092402718                _module_init_start = ABSOLUTE (.)
 *(SORT_BY_ALIGNMENT(*.initcall))
                0x0000000092402718                _module_init_end = ABSOLUTE (.)

.text           0x0000000092402720     0xdb66
                0x0000000092402720                _stext = .
                0x0000000092402720                __text_region_start = ABSOLUTE (.)
 *(SORT_BY_ALIGNMENT(.ResetVector.text))
 *(SORT_BY_ALIGNMENT(.ResetVector.literal))
 *(SORT_BY_ALIGNMENT(.entry.text))
 *(SORT_BY_ALIGNMENT(.init.literal))
 *(.init)
 *(SORT_BY_ALIGNMENT(.literal) SORT_BY_ALIGNMENT(.text) SORT_BY_ALIGNMENT(.literal.*) SORT_BY_ALIGNMENT(.text.*) SORT_BY_ALIGNMENT(.stub) SORT_BY_ALIGNMENT(.gnu.warning) SORT_BY_ALIGNMENT(.gnu.linkonce.literal.*) SORT_BY_ALIGNMENT(.gnu.linkonce.t.*.literal) SORT_BY_ALIGNMENT(.gnu.linkonce.t.*))
 .literal.z_log_msg_simple_create_0
                0x0000000092402720        0x0 app/libapp.a(main_remote.c.obj)
                                          0x4 (size before relaxing)
 .literal.new_service_cb$part$0
                0x0000000092402720       0x10 app/libapp.a(main_remote.c.obj)
                                         0x14 (size before relaxing)
 .literal.new_service_cb
                0x0000000092402730        0x0 app/libapp.a(main_remote.c.obj)
                                          0x8 (size before relaxing)
 .literal.app_rpmsg_tty
                0x0000000092402730       0x28 app/libapp.a(main_remote.c.obj)
                                         0x54 (size before relaxing)
 .literal.mailbox_notify
                0x0000000092402758       0x10 app/libapp.a(main_remote.c.obj)
                                         0x18 (size before relaxing)
 .literal.platform_ipm_callback
                0x0000000092402768       0x10 app/libapp.a(main_remote.c.obj)
                                         0x1c (size before relaxing)
 .literal.app_rpmsg_client_sample
                0x0000000092402778       0x24 app/libapp.a(main_remote.c.obj)
                                         0x54 (size before relaxing)
 .literal.rpmsg_recv_tty_callback
                0x000000009240279c        0x0 app/libapp.a(main_remote.c.obj)
                                          0xc (size before relaxing)
 .literal.rpmsg_recv_cs_callback
                0x000000009240279c        0x0 app/libapp.a(main_remote.c.obj)
                                         0x10 (size before relaxing)
 .literal.platform_init
                0x000000009240279c       0x2c app/libapp.a(main_remote.c.obj)
                                         0x50 (size before relaxing)
 .literal.platform_create_rpmsg_vdev
                0x00000000924027c8       0x18 app/libapp.a(main_remote.c.obj)
                                         0x48 (size before relaxing)
 .literal.rpmsg_mng_task
                0x00000000924027e0       0x14 app/libapp.a(main_remote.c.obj)
                                         0x60 (size before relaxing)
 .literal.main  0x00000000924027f4       0x28 app/libapp.a(main_remote.c.obj)
                                         0x3c (size before relaxing)
 .literal.chunk_field
                0x000000009240281c        0x4 zephyr/libzephyr.a(heap.c.obj)
 .literal.chunk_set
                0x0000000092402820        0x0 zephyr/libzephyr.a(heap.c.obj)
                                          0x4 (size before relaxing)
 .literal.chunk_size
                0x0000000092402820        0x0 zephyr/libzephyr.a(heap.c.obj)
                                          0x4 (size before relaxing)
 .literal.set_chunk_used
                0x0000000092402820        0x0 zephyr/libzephyr.a(heap.c.obj)
                                          0x4 (size before relaxing)
 .literal.set_chunk_size
                0x0000000092402820        0x0 zephyr/libzephyr.a(heap.c.obj)
                                          0x4 (size before relaxing)
 .literal.mem_to_chunkid
                0x0000000092402820        0x0 zephyr/libzephyr.a(heap.c.obj)
                                          0x4 (size before relaxing)
 .literal.bucket_idx$isra$0
                0x0000000092402820        0x0 zephyr/libzephyr.a(heap.c.obj)
                                          0x4 (size before relaxing)
 .literal.free_list_remove_bidx
                0x0000000092402820        0x0 zephyr/libzephyr.a(heap.c.obj)
                                         0x10 (size before relaxing)
 .literal.free_list_remove
                0x0000000092402820        0x0 zephyr/libzephyr.a(heap.c.obj)
                                         0x10 (size before relaxing)
 .literal.alloc_chunk
                0x0000000092402820        0x0 zephyr/libzephyr.a(heap.c.obj)
                                         0x10 (size before relaxing)
 .literal.split_chunks
                0x0000000092402820        0x0 zephyr/libzephyr.a(heap.c.obj)
                                         0x18 (size before relaxing)
 .literal.merge_chunks
                0x0000000092402820        0x0 zephyr/libzephyr.a(heap.c.obj)
                                         0x14 (size before relaxing)
 .literal.free_list_add
                0x0000000092402820        0x0 zephyr/libzephyr.a(heap.c.obj)
                                         0x24 (size before relaxing)
 .literal.free_chunk
                0x0000000092402820        0x0 zephyr/libzephyr.a(heap.c.obj)
                                         0x30 (size before relaxing)
 .literal.sys_heap_free
                0x0000000092402820        0x0 zephyr/libzephyr.a(heap.c.obj)
                                          0xc (size before relaxing)
 .literal.sys_heap_alloc
                0x0000000092402820        0x0 zephyr/libzephyr.a(heap.c.obj)
                                         0x18 (size before relaxing)
 .literal.sys_heap_aligned_alloc
                0x0000000092402820        0x0 zephyr/libzephyr.a(heap.c.obj)
                                         0x28 (size before relaxing)
 .literal.sys_heap_init
                0x0000000092402820        0x4 zephyr/libzephyr.a(heap.c.obj)
                                         0x30 (size before relaxing)
 .literal.cbpprintf_external
                0x0000000092402824        0x0 zephyr/libzephyr.a(cbprintf_packaged.c.obj)
                                          0x4 (size before relaxing)
 .literal.cbprintf_package_convert
                0x0000000092402824       0x10 zephyr/libzephyr.a(cbprintf_packaged.c.obj)
                                         0x3c (size before relaxing)
 .literal.char_out
                0x0000000092402834        0x4 zephyr/libzephyr.a(printk.c.obj)
 .literal.__printk_hook_install
                0x0000000092402838        0x0 zephyr/libzephyr.a(printk.c.obj)
                                          0x4 (size before relaxing)
 .literal.vprintk
                0x0000000092402838        0x4 zephyr/libzephyr.a(printk.c.obj)
                                          0xc (size before relaxing)
 .literal.printk
                0x000000009240283c        0x0 zephyr/libzephyr.a(printk.c.obj)
                                          0x4 (size before relaxing)
 .literal.z_thread_entry
                0x000000009240283c        0x0 zephyr/libzephyr.a(thread_entry.c.obj)
                                          0x8 (size before relaxing)
 .literal.get_usage
                0x000000009240283c        0x0 zephyr/libzephyr.a(mpsc_pbuf.c.obj)
                                          0x4 (size before relaxing)
 .literal.rd_idx_inc
                0x000000009240283c        0x0 zephyr/libzephyr.a(mpsc_pbuf.c.obj)
                                          0x4 (size before relaxing)
 .literal.add_skip_item
                0x000000009240283c        0x0 zephyr/libzephyr.a(mpsc_pbuf.c.obj)
                                          0x8 (size before relaxing)
 .literal.drop_item_locked
                0x000000009240283c        0x0 zephyr/libzephyr.a(mpsc_pbuf.c.obj)
                                         0x18 (size before relaxing)
 .literal.post_drop_action
                0x000000009240283c        0x0 zephyr/libzephyr.a(mpsc_pbuf.c.obj)
                                          0x8 (size before relaxing)
 .literal.max_utilization_update
                0x000000009240283c        0x0 zephyr/libzephyr.a(mpsc_pbuf.c.obj)
                                          0x4 (size before relaxing)
 .literal.mpsc_pbuf_init
                0x000000009240283c        0x0 zephyr/libzephyr.a(mpsc_pbuf.c.obj)
                                          0x8 (size before relaxing)
 .literal.mpsc_pbuf_alloc
                0x000000009240283c        0x0 zephyr/libzephyr.a(mpsc_pbuf.c.obj)
                                         0x1c (size before relaxing)
 .literal.mpsc_pbuf_commit
                0x000000009240283c        0x0 zephyr/libzephyr.a(mpsc_pbuf.c.obj)
                                          0x8 (size before relaxing)
 .literal.mpsc_pbuf_claim
                0x000000009240283c        0x0 zephyr/libzephyr.a(mpsc_pbuf.c.obj)
                                          0xc (size before relaxing)
 .literal.mpsc_pbuf_free
                0x000000009240283c        0x0 zephyr/libzephyr.a(mpsc_pbuf.c.obj)
                                          0xc (size before relaxing)
 .literal.ring_buf_put_claim
                0x000000009240283c        0x0 zephyr/libzephyr.a(ring_buffer.c.obj)
                                          0x4 (size before relaxing)
 .literal.ring_buf_get_claim
                0x000000009240283c        0x0 zephyr/libzephyr.a(ring_buffer.c.obj)
                                          0x4 (size before relaxing)
 .literal.ring_buf_put
                0x000000009240283c        0x0 zephyr/libzephyr.a(ring_buffer.c.obj)
                                          0xc (size before relaxing)
 .literal.ring_buf_get
                0x000000009240283c        0x0 zephyr/libzephyr.a(ring_buffer.c.obj)
                                          0xc (size before relaxing)
 .literal.rsc_table_get
                0x000000009240283c        0x4 zephyr/libzephyr.a(resource_table.c.obj)
 .literal.activate_foreach_backend
                0x0000000092402840        0x4 zephyr/libzephyr.a(log_core.c.obj)
                                          0x8 (size before relaxing)
 .literal.enable_logger
                0x0000000092402844       0x18 zephyr/libzephyr.a(log_core.c.obj)
                                         0x24 (size before relaxing)
 .literal.default_lf_get_timestamp
                0x000000009240285c        0x0 zephyr/libzephyr.a(log_core.c.obj)
                                          0x8 (size before relaxing)
 .literal.log_process_thread_timer_expiry_fn
                0x000000009240285c        0x4 zephyr/libzephyr.a(log_core.c.obj)
                                          0x8 (size before relaxing)
 .literal.z_log_init
                0x0000000092402860        0x8 zephyr/libzephyr.a(log_core.c.obj)
                                         0x1c (size before relaxing)
 .literal.log_set_timestamp_func
                0x0000000092402868        0x4 zephyr/libzephyr.a(log_core.c.obj)
                                          0x8 (size before relaxing)
 .literal.z_log_notify_backend_enabled
                0x000000009240286c        0x4 zephyr/libzephyr.a(log_core.c.obj)
                                          0xc (size before relaxing)
 .literal.z_log_dropped
                0x0000000092402870        0x8 zephyr/libzephyr.a(log_core.c.obj)
                                         0x1c (size before relaxing)
 .literal.z_log_notify_drop
                0x0000000092402878        0x0 zephyr/libzephyr.a(log_core.c.obj)
                                          0x4 (size before relaxing)
 .literal.z_log_dropped_read_and_clear
                0x0000000092402878        0x0 zephyr/libzephyr.a(log_core.c.obj)
                                          0x4 (size before relaxing)
 .literal.dropped_notify
                0x0000000092402878        0x0 zephyr/libzephyr.a(log_core.c.obj)
                                          0xc (size before relaxing)
 .literal.z_log_msg_init
                0x0000000092402878        0xc zephyr/libzephyr.a(log_core.c.obj)
                                         0x10 (size before relaxing)
 .literal.log_core_init
                0x0000000092402884        0x8 zephyr/libzephyr.a(log_core.c.obj)
                                         0x1c (size before relaxing)
 .literal.z_log_msg_alloc
                0x000000009240288c        0x0 zephyr/libzephyr.a(log_core.c.obj)
                                          0x8 (size before relaxing)
 .literal.z_log_msg_local_claim
                0x000000009240288c        0x0 zephyr/libzephyr.a(log_core.c.obj)
                                          0x8 (size before relaxing)
 .literal.z_log_msg_free
                0x000000009240288c        0x0 zephyr/libzephyr.a(log_core.c.obj)
                                          0x8 (size before relaxing)
 .literal.z_log_msg_pending
                0x000000009240288c        0x0 zephyr/libzephyr.a(log_core.c.obj)
                                          0x8 (size before relaxing)
 .literal.z_impl_log_process
                0x000000009240288c        0x4 zephyr/libzephyr.a(log_core.c.obj)
                                         0x38 (size before relaxing)
 .literal.z_impl_log_panic
                0x0000000092402890        0x0 zephyr/libzephyr.a(log_core.c.obj)
                                         0x14 (size before relaxing)
 .literal.log_process_thread_func
                0x0000000092402890        0x4 zephyr/libzephyr.a(log_core.c.obj)
                                         0x2c (size before relaxing)
 .literal.z_log_msg_post_finalize
                0x0000000092402894        0x4 zephyr/libzephyr.a(log_core.c.obj)
                                         0x2c (size before relaxing)
 .literal.z_log_msg_commit
                0x0000000092402898        0x0 zephyr/libzephyr.a(log_core.c.obj)
                                         0x10 (size before relaxing)
 .literal.log_source_name_get
                0x0000000092402898        0x8 zephyr/libzephyr.a(log_mgmt.c.obj)
 .literal.z_log_runtime_filters_init
                0x00000000924028a0        0x4 zephyr/libzephyr.a(log_mgmt.c.obj)
                                          0xc (size before relaxing)
 .literal.log_source_id_get
                0x00000000924028a4        0x0 zephyr/libzephyr.a(log_mgmt.c.obj)
                                          0xc (size before relaxing)
 .literal.filter_set
                0x00000000924028a4        0x0 zephyr/libzephyr.a(log_mgmt.c.obj)
                                         0x14 (size before relaxing)
 .literal.z_impl_log_filter_set
                0x00000000924028a4        0x0 zephyr/libzephyr.a(log_mgmt.c.obj)
                                          0x4 (size before relaxing)
 .literal.backend_filter_set
                0x00000000924028a4        0x0 zephyr/libzephyr.a(log_mgmt.c.obj)
                                          0xc (size before relaxing)
 .literal.log_backend_enable
                0x00000000924028a4        0x0 zephyr/libzephyr.a(log_mgmt.c.obj)
                                          0x8 (size before relaxing)
 .literal.log_backend_disable
                0x00000000924028a4        0x0 zephyr/libzephyr.a(log_mgmt.c.obj)
                                          0x4 (size before relaxing)
 .literal.log_filter_get
                0x00000000924028a4        0x0 zephyr/libzephyr.a(log_mgmt.c.obj)
                                          0xc (size before relaxing)
 .literal.z_cbprintf_cpy
                0x00000000924028a4        0x0 zephyr/libzephyr.a(log_msg.c.obj)
                                          0x4 (size before relaxing)
 .literal.z_log_msg_finalize
                0x00000000924028a4        0x0 zephyr/libzephyr.a(log_msg.c.obj)
                                          0xc (size before relaxing)
 .literal.z_log_msg_simple_create
                0x00000000924028a4        0x4 zephyr/libzephyr.a(log_msg.c.obj)
                                         0x10 (size before relaxing)
 .literal.z_impl_z_log_msg_simple_create_0
                0x00000000924028a8        0x0 zephyr/libzephyr.a(log_msg.c.obj)
                                          0x4 (size before relaxing)
 .literal.z_impl_z_log_msg_simple_create_1
                0x00000000924028a8        0x0 zephyr/libzephyr.a(log_msg.c.obj)
                                          0x4 (size before relaxing)
 .literal.z_impl_z_log_msg_static_create
                0x00000000924028a8       0x10 zephyr/libzephyr.a(log_msg.c.obj)
                                         0x28 (size before relaxing)
 .literal.log_msg_get_source_id
                0x00000000924028b8        0x0 zephyr/libzephyr.a(log_msg.c.obj)
                                          0x4 (size before relaxing)
 .literal.log_output_flush
                0x00000000924028b8        0x0 zephyr/libzephyr.a(log_output.c.obj)
                                          0x4 (size before relaxing)
 .literal.print_formatted
                0x00000000924028b8        0x4 zephyr/libzephyr.a(log_output.c.obj)
                                          0x8 (size before relaxing)
 .literal.newline_print
                0x00000000924028bc        0x8 zephyr/libzephyr.a(log_output.c.obj)
                                          0xc (size before relaxing)
 .literal.out_func
                0x00000000924028c4        0x0 zephyr/libzephyr.a(log_output.c.obj)
                                          0x4 (size before relaxing)
 .literal.cr_out_func
                0x00000000924028c4        0x0 zephyr/libzephyr.a(log_output.c.obj)
                                          0x8 (size before relaxing)
 .literal.log_output_process
                0x00000000924028c4       0x54 zephyr/libzephyr.a(log_output.c.obj)
                                         0xb4 (size before relaxing)
 .literal.log_output_msg_process
                0x0000000092402918        0x0 zephyr/libzephyr.a(log_output.c.obj)
                                          0xc (size before relaxing)
 .literal.log_output_dropped_process
                0x0000000092402918       0x10 zephyr/libzephyr.a(log_output.c.obj)
                                         0x20 (size before relaxing)
 .literal.log_output_timestamp_freq_set
                0x0000000092402928        0x4 zephyr/libzephyr.a(log_output.c.obj)
                                          0xc (size before relaxing)
 .literal.cmd_kernel_cycles
                0x000000009240292c        0x4 zephyr/libzephyr.a(cycles.c.obj)
                                          0xc (size before relaxing)
 .literal.cmd_kernel_sleep
                0x0000000092402930        0x4 zephyr/libzephyr.a(sleep.c.obj)
                                         0x10 (size before relaxing)
 .literal.cmd_kernel_uptime
                0x0000000092402934       0x1c zephyr/libzephyr.a(uptime.c.obj)
                                         0x58 (size before relaxing)
 .literal.cmd_kernel_version
                0x0000000092402950        0x8 zephyr/libzephyr.a(version.c.obj)
                                          0xc (size before relaxing)
 .literal.cmd_kernel_log_level_set
                0x0000000092402958       0x10 zephyr/libzephyr.a(log-level.c.obj)
                                         0x30 (size before relaxing)
 .literal.z_thread_is_valid
                0x0000000092402968        0x4 zephyr/libzephyr.a(thread.c.obj)
                                          0x8 (size before relaxing)
 .literal.cmd_kernel_thread_list
                0x000000009240296c        0xc zephyr/libzephyr.a(list.c.obj)
                                         0x1c (size before relaxing)
 .literal.shell_tdata_dump
                0x0000000092402978       0x20 zephyr/libzephyr.a(list.c.obj)
                                         0x44 (size before relaxing)
 .literal.cmd_kernel_thread_stacks
                0x0000000092402998        0xc zephyr/libzephyr.a(stacks.c.obj)
                                         0x20 (size before relaxing)
 .literal.shell_stack_dump
                0x00000000924029a4        0xc zephyr/libzephyr.a(stacks.c.obj)
                                         0x1c (size before relaxing)
 .literal.cmd_kernel_thread_suspend
                0x00000000924029b0        0xc zephyr/libzephyr.a(suspend.c.obj)
                                         0x28 (size before relaxing)
 .literal.cmd_kernel_thread_resume
                0x00000000924029bc        0xc zephyr/libzephyr.a(resume.c.obj)
                                         0x28 (size before relaxing)
 .literal.cmd_kernel_thread_kill
                0x00000000924029c8        0xc zephyr/libzephyr.a(kill.c.obj)
                                         0x28 (size before relaxing)
 .literal.cmd_device_list
                0x00000000924029d4       0x24 zephyr/libzephyr.a(device_service.c.obj)
                                         0x48 (size before relaxing)
 .literal.cmd_devmem
                0x00000000924029f8       0x10 zephyr/libzephyr.a(devmem_service.c.obj)
                                         0x30 (size before relaxing)
 .literal.cmd_dump
                0x0000000092402a08       0x20 zephyr/libzephyr.a(devmem_service.c.obj)
                                         0x48 (size before relaxing)
 .literal.set_bypass$isra$0
                0x0000000092402a28        0xc zephyr/libzephyr.a(devmem_service.c.obj)
                                         0x18 (size before relaxing)
 .literal.bypass_cb
                0x0000000092402a34       0x24 zephyr/libzephyr.a(devmem_service.c.obj)
                                         0x30 (size before relaxing)
 .literal.cmd_load
                0x0000000092402a58       0x10 zephyr/libzephyr.a(devmem_service.c.obj)
                                         0x40 (size before relaxing)
 .literal.enable
                0x0000000092402a68        0x0 zephyr/libzephyr.a(shell_uart.c.obj)
                                          0x4 (size before relaxing)
 .literal.read_uart
                0x0000000092402a68        0x0 zephyr/libzephyr.a(shell_uart.c.obj)
                                          0x4 (size before relaxing)
 .literal.uninit
                0x0000000092402a68        0x0 zephyr/libzephyr.a(shell_uart.c.obj)
                                          0x8 (size before relaxing)
 .literal.enable_shell_uart
                0x0000000092402a68        0xc zephyr/libzephyr.a(shell_uart.c.obj)
                                         0x14 (size before relaxing)
 .literal.write_uart
                0x0000000092402a74        0x0 zephyr/libzephyr.a(shell_uart.c.obj)
                                          0x4 (size before relaxing)
 .literal.init  0x0000000092402a74        0x4 zephyr/libzephyr.a(shell_uart.c.obj)
 .literal.uart_callback
                0x0000000092402a78        0x8 zephyr/libzephyr.a(shell_uart.c.obj)
                                         0x20 (size before relaxing)
 .literal.write
                0x0000000092402a80        0x0 zephyr/libzephyr.a(shell_rpmsg.c.obj)
                                          0x4 (size before relaxing)
 .literal.uninit
                0x0000000092402a80        0x0 zephyr/libzephyr.a(shell_rpmsg.c.obj)
                                          0x4 (size before relaxing)
 .literal.init  0x0000000092402a80        0x8 zephyr/libzephyr.a(shell_rpmsg.c.obj)
                                         0x10 (size before relaxing)
 .literal.read  0x0000000092402a88        0x0 zephyr/libzephyr.a(shell_rpmsg.c.obj)
                                          0xc (size before relaxing)
 .literal.rpmsg_shell_cb
                0x0000000092402a88        0x0 zephyr/libzephyr.a(shell_rpmsg.c.obj)
                                          0x8 (size before relaxing)
 .literal.shell_backend_rpmsg_init_transport
                0x0000000092402a88        0x8 zephyr/libzephyr.a(shell_rpmsg.c.obj)
                                          0xc (size before relaxing)
 .literal.k_mutex_lock
                0x0000000092402a90        0x0 zephyr/libzephyr.a(shell.c.obj)
                                          0x4 (size before relaxing)
 .literal.shell_signal_handle
                0x0000000092402a90        0x0 zephyr/libzephyr.a(shell.c.obj)
                                          0x8 (size before relaxing)
 .literal.z_shell_raw_fprintf
                0x0000000092402a90        0x0 zephyr/libzephyr.a(shell.c.obj)
                                          0x4 (size before relaxing)
 .literal.shell_internal_help_print
                0x0000000092402a90        0x4 zephyr/libzephyr.a(shell.c.obj)
                                          0xc (size before relaxing)
 .literal.z_shell_strlen
                0x0000000092402a94        0x0 zephyr/libzephyr.a(shell.c.obj)
                                          0x4 (size before relaxing)
 .literal.transport_evt_handler
                0x0000000092402a94        0x0 zephyr/libzephyr.a(shell.c.obj)
                                          0x4 (size before relaxing)
 .literal.kill_handler
                0x0000000092402a94        0x0 zephyr/libzephyr.a(shell.c.obj)
                                         0x10 (size before relaxing)
 .literal.z_cursor_next_line_move$isra$0
                0x0000000092402a94        0x4 zephyr/libzephyr.a(shell.c.obj)
                                          0x8 (size before relaxing)
 .literal.z_flag_print_noinit_set$isra$0
                0x0000000092402a98        0x4 zephyr/libzephyr.a(shell.c.obj)
                                          0xc (size before relaxing)
 .literal.state_set$constprop$0
                0x0000000092402a9c        0x8 zephyr/libzephyr.a(shell.c.obj)
                                         0x18 (size before relaxing)
 .literal.z_flag_cmd_ctx_set$isra$0
                0x0000000092402aa4        0x4 zephyr/libzephyr.a(shell.c.obj)
                                          0xc (size before relaxing)
 .literal.z_flag_history_exit_set$isra$0
                0x0000000092402aa8        0x0 zephyr/libzephyr.a(shell.c.obj)
                                          0x8 (size before relaxing)
 .literal.history_handle
                0x0000000092402aa8        0x4 zephyr/libzephyr.a(shell.c.obj)
                                         0x30 (size before relaxing)
 .literal.z_flag_processing_set$isra$0
                0x0000000092402aac        0x0 zephyr/libzephyr.a(shell.c.obj)
                                          0x8 (size before relaxing)
 .literal.z_flag_insert_mode_set$isra$0
                0x0000000092402aac        0x0 zephyr/libzephyr.a(shell.c.obj)
                                          0x8 (size before relaxing)
 .literal.k_mutex_unlock$isra$0
                0x0000000092402aac        0x0 zephyr/libzephyr.a(shell.c.obj)
                                          0x4 (size before relaxing)
 .literal.execute
                0x0000000092402aac       0x24 zephyr/libzephyr.a(shell.c.obj)
                                         0x98 (size before relaxing)
 .literal.shell_log_process
                0x0000000092402ad0        0x0 zephyr/libzephyr.a(shell.c.obj)
                                         0x14 (size before relaxing)
 .literal.shell_process
                0x0000000092402ad0       0x18 zephyr/libzephyr.a(shell.c.obj)
                                        0x130 (size before relaxing)
 .literal.shell_start
                0x0000000092402ae8        0x0 zephyr/libzephyr.a(shell.c.obj)
                                         0x1c (size before relaxing)
 .literal.shell_thread
                0x0000000092402ae8       0x14 zephyr/libzephyr.a(shell.c.obj)
                                         0x44 (size before relaxing)
 .literal.shell_vfprintf
                0x0000000092402afc        0x0 zephyr/libzephyr.a(shell.c.obj)
                                         0x1c (size before relaxing)
 .literal.shell_fprintf_impl
                0x0000000092402afc        0x0 zephyr/libzephyr.a(shell.c.obj)
                                          0x4 (size before relaxing)
 .literal.shell_fprintf_normal
                0x0000000092402afc        0x0 zephyr/libzephyr.a(shell.c.obj)
                                          0x4 (size before relaxing)
 .literal.cmd_help
                0x0000000092402afc       0x14 zephyr/libzephyr.a(shell.c.obj)
                                         0x28 (size before relaxing)
 .literal.shell_fprintf_warn
                0x0000000092402b10        0x0 zephyr/libzephyr.a(shell.c.obj)
                                          0x4 (size before relaxing)
 .literal.shell_fprintf_error
                0x0000000092402b10        0x0 zephyr/libzephyr.a(shell.c.obj)
                                          0x4 (size before relaxing)
 .literal.shell_hexdump_line
                0x0000000092402b10       0x1c zephyr/libzephyr.a(shell.c.obj)
                                         0x4c (size before relaxing)
 .literal.shell_prompt_change
                0x0000000092402b2c        0x0 zephyr/libzephyr.a(shell.c.obj)
                                         0x14 (size before relaxing)
 .literal.shell_init
                0x0000000092402b2c        0x8 zephyr/libzephyr.a(shell.c.obj)
                                         0x2c (size before relaxing)
 .literal.shell_help
                0x0000000092402b34        0x0 zephyr/libzephyr.a(shell.c.obj)
                                          0xc (size before relaxing)
 .literal.shell_set_bypass
                0x0000000092402b34        0x0 zephyr/libzephyr.a(shell.c.obj)
                                          0x4 (size before relaxing)
 .literal.z_shell_fprintf_fmt
                0x0000000092402b34        0x4 zephyr/libzephyr.a(shell_fprintf.c.obj)
                                          0xc (size before relaxing)
 .literal.out_func
                0x0000000092402b38        0x0 zephyr/libzephyr.a(shell_fprintf.c.obj)
                                          0x4 (size before relaxing)
 .literal.z_shell_strlen
                0x0000000092402b38        0x0 zephyr/libzephyr.a(shell_utils.c.obj)
                                          0x4 (size before relaxing)
 .literal.z_shell_make_argv
                0x0000000092402b38        0x0 zephyr/libzephyr.a(shell_utils.c.obj)
                                         0x28 (size before relaxing)
 .literal.z_shell_pattern_remove
                0x0000000092402b38        0x0 zephyr/libzephyr.a(shell_utils.c.obj)
                                         0x10 (size before relaxing)
 .literal.z_shell_cmd_get
                0x0000000092402b38       0x14 zephyr/libzephyr.a(shell_utils.c.obj)
                                         0x18 (size before relaxing)
 .literal.z_shell_find_cmd
                0x0000000092402b4c        0x0 zephyr/libzephyr.a(shell_utils.c.obj)
                                          0xc (size before relaxing)
 .literal.z_shell_get_last_command
                0x0000000092402b4c        0x0 zephyr/libzephyr.a(shell_utils.c.obj)
                                          0x8 (size before relaxing)
 .literal.z_shell_spaces_trim
                0x0000000092402b4c        0x0 zephyr/libzephyr.a(shell_utils.c.obj)
                                          0x8 (size before relaxing)
 .literal.z_shell_cmd_trim
                0x0000000092402b4c        0x0 zephyr/libzephyr.a(shell_utils.c.obj)
                                          0x4 (size before relaxing)
 .literal.shell_strtoul
                0x0000000092402b4c        0x0 zephyr/libzephyr.a(shell_utils.c.obj)
                                         0x10 (size before relaxing)
 .literal.z_shell_raw_fprintf
                0x0000000092402b4c        0x0 zephyr/libzephyr.a(shell_ops.c.obj)
                                          0x4 (size before relaxing)
 .literal.z_clear_eos
                0x0000000092402b4c        0x4 zephyr/libzephyr.a(shell_ops.c.obj)
                                          0x8 (size before relaxing)
 .literal.z_cursor_next_line_move$isra$0
                0x0000000092402b50        0x4 zephyr/libzephyr.a(shell_ops.c.obj)
                                          0x8 (size before relaxing)
 .literal.full_line_cmd$isra$0
                0x0000000092402b54        0x0 zephyr/libzephyr.a(shell_ops.c.obj)
                                          0x4 (size before relaxing)
 .literal.z_shell_op_cursor_vert_move
                0x0000000092402b54        0x4 zephyr/libzephyr.a(shell_ops.c.obj)
                                          0x8 (size before relaxing)
 .literal.z_shell_op_cursor_horiz_move
                0x0000000092402b58        0x0 zephyr/libzephyr.a(shell_ops.c.obj)
                                          0x8 (size before relaxing)
 .literal.z_shell_cursor_in_empty_line
                0x0000000092402b58        0x0 zephyr/libzephyr.a(shell_ops.c.obj)
                                          0x4 (size before relaxing)
 .literal.z_shell_op_cond_next_line
                0x0000000092402b58        0x0 zephyr/libzephyr.a(shell_ops.c.obj)
                                          0xc (size before relaxing)
 .literal.z_shell_op_cursor_position_synchronize
                0x0000000092402b58        0x0 zephyr/libzephyr.a(shell_ops.c.obj)
                                         0x14 (size before relaxing)
 .literal.z_shell_op_cursor_move
                0x0000000092402b58        0x0 zephyr/libzephyr.a(shell_ops.c.obj)
                                         0x14 (size before relaxing)
 .literal.z_shell_op_cursor_word_move
                0x0000000092402b58        0x0 zephyr/libzephyr.a(shell_ops.c.obj)
                                          0x4 (size before relaxing)
 .literal.z_shell_op_cursor_home_move
                0x0000000092402b58        0x0 zephyr/libzephyr.a(shell_ops.c.obj)
                                          0x4 (size before relaxing)
 .literal.z_shell_op_cursor_end_move
                0x0000000092402b58        0x0 zephyr/libzephyr.a(shell_ops.c.obj)
                                          0x4 (size before relaxing)
 .literal.z_shell_op_left_arrow
                0x0000000092402b58        0x0 zephyr/libzephyr.a(shell_ops.c.obj)
                                          0x4 (size before relaxing)
 .literal.z_shell_op_right_arrow
                0x0000000092402b58        0x0 zephyr/libzephyr.a(shell_ops.c.obj)
                                          0x4 (size before relaxing)
 .literal.z_shell_op_delete_from_cursor
                0x0000000092402b58        0x0 zephyr/libzephyr.a(shell_ops.c.obj)
                                          0x4 (size before relaxing)
 .literal.z_shell_cmd_line_erase
                0x0000000092402b58        0x0 zephyr/libzephyr.a(shell_ops.c.obj)
                                         0x10 (size before relaxing)
 .literal.z_shell_print_cmd
                0x0000000092402b58        0x8 zephyr/libzephyr.a(shell_ops.c.obj)
                                         0x14 (size before relaxing)
 .literal.z_shell_write
                0x0000000092402b60        0x0 zephyr/libzephyr.a(shell_ops.c.obj)
                                          0xc (size before relaxing)
 .literal.z_shell_print_stream
                0x0000000092402b60        0x0 zephyr/libzephyr.a(shell_ops.c.obj)
                                          0x4 (size before relaxing)
 .literal.z_shell_vt100_color_set
                0x0000000092402b60        0x8 zephyr/libzephyr.a(shell_ops.c.obj)
                                         0x10 (size before relaxing)
 .literal.z_shell_vt100_colors_restore
                0x0000000092402b68        0x4 zephyr/libzephyr.a(shell_ops.c.obj)
                                          0xc (size before relaxing)
 .literal.z_shell_vfprintf
                0x0000000092402b6c        0x0 zephyr/libzephyr.a(shell_ops.c.obj)
                                         0x14 (size before relaxing)
 .literal.z_shell_fprintf
                0x0000000092402b6c        0x0 zephyr/libzephyr.a(shell_ops.c.obj)
                                          0x4 (size before relaxing)
 .literal.z_shell_op_word_remove
                0x0000000092402b6c        0x8 zephyr/libzephyr.a(shell_ops.c.obj)
                                         0x24 (size before relaxing)
 .literal.reprint_from_cursor
                0x0000000092402b74        0x8 zephyr/libzephyr.a(shell_ops.c.obj)
                                         0x34 (size before relaxing)
 .literal.data_insert
                0x0000000092402b7c        0x0 zephyr/libzephyr.a(shell_ops.c.obj)
                                          0xc (size before relaxing)
 .literal.z_shell_op_char_insert
                0x0000000092402b7c        0x0 zephyr/libzephyr.a(shell_ops.c.obj)
                                         0x14 (size before relaxing)
 .literal.z_shell_op_completion_insert
                0x0000000092402b7c        0x0 zephyr/libzephyr.a(shell_ops.c.obj)
                                          0x4 (size before relaxing)
 .literal.z_shell_op_char_delete
                0x0000000092402b7c        0x0 zephyr/libzephyr.a(shell_ops.c.obj)
                                          0x8 (size before relaxing)
 .literal.z_shell_op_char_backspace
                0x0000000092402b7c        0x0 zephyr/libzephyr.a(shell_ops.c.obj)
                                          0x8 (size before relaxing)
 .literal.z_shell_print_prompt_and_cmd
                0x0000000092402b7c        0x0 zephyr/libzephyr.a(shell_ops.c.obj)
                                         0x10 (size before relaxing)
 .literal.process_log_msg
                0x0000000092402b7c        0x0 zephyr/libzephyr.a(shell_log_backend.c.obj)
                                         0x20 (size before relaxing)
 .literal.process_msg_from_buffer
                0x0000000092402b7c        0x0 zephyr/libzephyr.a(shell_log_backend.c.obj)
                                          0xc (size before relaxing)
 .literal.process
                0x0000000092402b7c        0x0 zephyr/libzephyr.a(shell_log_backend.c.obj)
                                         0x1c (size before relaxing)
 .literal.z_shell_log_backend_output_func
                0x0000000092402b7c        0x0 zephyr/libzephyr.a(shell_log_backend.c.obj)
                                          0x4 (size before relaxing)
 .literal.z_shell_log_backend_enable
                0x0000000092402b7c        0x0 zephyr/libzephyr.a(shell_log_backend.c.obj)
                                          0x8 (size before relaxing)
 .literal.z_shell_log_backend_disable
                0x0000000092402b7c        0x0 zephyr/libzephyr.a(shell_log_backend.c.obj)
                                          0x4 (size before relaxing)
 .literal.panic
                0x0000000092402b7c        0x0 zephyr/libzephyr.a(shell_log_backend.c.obj)
                                         0x14 (size before relaxing)
 .literal.z_shell_log_backend_process
                0x0000000092402b7c        0x0 zephyr/libzephyr.a(shell_log_backend.c.obj)
                                         0x18 (size before relaxing)
 .literal.z_shell_raw_fprintf
                0x0000000092402b7c        0x0 zephyr/libzephyr.a(shell_help.c.obj)
                                          0x4 (size before relaxing)
 .literal.z_cursor_next_line_move$isra$0
                0x0000000092402b7c        0x4 zephyr/libzephyr.a(shell_help.c.obj)
                                          0x8 (size before relaxing)
 .literal.formatted_text_print$constprop$0
                0x0000000092402b80        0x0 zephyr/libzephyr.a(shell_help.c.obj)
                                         0x2c (size before relaxing)
 .literal.z_shell_help_subcmd_print
                0x0000000092402b80        0xc zephyr/libzephyr.a(shell_help.c.obj)
                                         0x2c (size before relaxing)
 .literal.z_shell_help_cmd_print
                0x0000000092402b8c        0x8 zephyr/libzephyr.a(shell_help.c.obj)
                                         0x14 (size before relaxing)
 .literal.z_shell_help_request
                0x0000000092402b94        0x8 zephyr/libzephyr.a(shell_help.c.obj)
                                         0x10 (size before relaxing)
 .literal.z_shell_raw_fprintf
                0x0000000092402b9c        0x0 zephyr/libzephyr.a(shell_cmds.c.obj)
                                          0x4 (size before relaxing)
 .literal.cmd_resize_default
                0x0000000092402b9c        0x4 zephyr/libzephyr.a(shell_cmds.c.obj)
                                          0x8 (size before relaxing)
 .literal.cmd_shell_stats_show
                0x0000000092402ba0        0x4 zephyr/libzephyr.a(shell_cmds.c.obj)
                                          0x8 (size before relaxing)
 .literal.cmd_backends
                0x0000000092402ba4       0x10 zephyr/libzephyr.a(shell_cmds.c.obj)
                                         0x18 (size before relaxing)
 .literal.cmd_prompt_on
                0x0000000092402bb4        0x0 zephyr/libzephyr.a(shell_cmds.c.obj)
                                          0x4 (size before relaxing)
 .literal.cmd_prompt_off
                0x0000000092402bb4        0x4 zephyr/libzephyr.a(shell_cmds.c.obj)
                                          0x8 (size before relaxing)
 .literal.cmd_history
                0x0000000092402bb8        0x4 zephyr/libzephyr.a(shell_cmds.c.obj)
                                          0xc (size before relaxing)
 .literal.cmd_get_retval
                0x0000000092402bbc        0x4 zephyr/libzephyr.a(shell_cmds.c.obj)
                                          0xc (size before relaxing)
 .literal.cmd_echo
                0x0000000092402bc0       0x14 zephyr/libzephyr.a(shell_cmds.c.obj)
                                         0x1c (size before relaxing)
 .literal.cmd_clear
                0x0000000092402bd4        0x8 zephyr/libzephyr.a(shell_cmds.c.obj)
                                         0x10 (size before relaxing)
 .literal.cmd_bacskpace_mode_backspace
                0x0000000092402bdc        0x0 zephyr/libzephyr.a(shell_cmds.c.obj)
                                          0x4 (size before relaxing)
 .literal.cmd_bacskpace_mode_delete
                0x0000000092402bdc        0x0 zephyr/libzephyr.a(shell_cmds.c.obj)
                                          0x4 (size before relaxing)
 .literal.cmd_resize
                0x0000000092402bdc       0x10 zephyr/libzephyr.a(shell_cmds.c.obj)
                                         0x44 (size before relaxing)
 .literal.cmd_colors_off
                0x0000000092402bec        0x0 zephyr/libzephyr.a(shell_cmds.c.obj)
                                          0x4 (size before relaxing)
 .literal.cmd_colors_on
                0x0000000092402bec        0x0 zephyr/libzephyr.a(shell_cmds.c.obj)
                                          0x4 (size before relaxing)
 .literal.cmd_vt100_off
                0x0000000092402bec        0x0 zephyr/libzephyr.a(shell_cmds.c.obj)
                                          0x4 (size before relaxing)
 .literal.cmd_vt100_on
                0x0000000092402bec        0x0 zephyr/libzephyr.a(shell_cmds.c.obj)
                                          0x4 (size before relaxing)
 .literal.cmd_echo_off
                0x0000000092402bec        0x0 zephyr/libzephyr.a(shell_cmds.c.obj)
                                          0x4 (size before relaxing)
 .literal.cmd_echo_on
                0x0000000092402bec        0x0 zephyr/libzephyr.a(shell_cmds.c.obj)
                                          0x4 (size before relaxing)
 .literal.remove_from_tail$part$0
                0x0000000092402bec        0x0 zephyr/libzephyr.a(shell_history.c.obj)
                                          0x4 (size before relaxing)
 .literal.z_shell_history_get
                0x0000000092402bec        0x0 zephyr/libzephyr.a(shell_history.c.obj)
                                          0x4 (size before relaxing)
 .literal.z_shell_history_purge
                0x0000000092402bec        0x0 zephyr/libzephyr.a(shell_history.c.obj)
                                          0x4 (size before relaxing)
 .literal.z_shell_history_put
                0x0000000092402bec        0x0 zephyr/libzephyr.a(shell_history.c.obj)
                                         0x1c (size before relaxing)
 .literal.z_shell_has_wildcard
                0x0000000092402bec        0x0 zephyr/libzephyr.a(shell_wildcard.c.obj)
                                          0x4 (size before relaxing)
 .literal.z_shell_wildcard_prepare
                0x0000000092402bec        0x0 zephyr/libzephyr.a(shell_wildcard.c.obj)
                                         0x10 (size before relaxing)
 .literal.z_shell_wildcard_process
                0x0000000092402bec        0x4 zephyr/libzephyr.a(shell_wildcard.c.obj)
                                         0x2c (size before relaxing)
 .literal.z_shell_wildcard_finalize
                0x0000000092402bf0        0x0 zephyr/libzephyr.a(shell_wildcard.c.obj)
                                          0x4 (size before relaxing)
 .literal.z_get_sw_isr_table_idx
                0x0000000092402bf0        0x8 zephyr/arch/common/libarch__common.a(multilevel_irq.c.obj)
 .literal.arch_cpu_idle
                0x0000000092402bf8        0x0 zephyr/arch/arch/xtensa/core/libarch__xtensa__core.a(cpu_idle.c.obj)
                                          0x4 (size before relaxing)
 .literal.xtensa_exccause
                0x0000000092402bf8        0x8 zephyr/arch/arch/xtensa/core/libarch__xtensa__core.a(fatal.c.obj)
 .literal.xtensa_fatal_error
                0x0000000092402c00        0x0 zephyr/arch/arch/xtensa/core/libarch__xtensa__core.a(fatal.c.obj)
                                          0x8 (size before relaxing)
 .literal       0x0000000092402c00        0x4 zephyr/arch/arch/xtensa/core/libarch__xtensa__core.a(xtensa_asm2_util.S.obj)
                                          0x8 (size before relaxing)
 .literal.z_irq_spurious
                0x0000000092402c04        0x8 zephyr/arch/arch/xtensa/core/libarch__xtensa__core.a(irq_manage.c.obj)
                                         0x10 (size before relaxing)
 .literal.arch_new_thread
                0x0000000092402c0c        0x8 zephyr/arch/arch/xtensa/core/libarch__xtensa__core.a(thread.c.obj)
                                          0xc (size before relaxing)
 .literal.return_to
                0x0000000092402c14        0x4 zephyr/arch/arch/xtensa/core/libarch__xtensa__core.a(vector_handlers.c.obj)
                                          0x8 (size before relaxing)
 .literal.z_log_msg_static_create$constprop$0
                0x0000000092402c18        0x0 zephyr/arch/arch/xtensa/core/libarch__xtensa__core.a(vector_handlers.c.obj)
                                          0x4 (size before relaxing)
 .literal.xtensa_dump_stack$part$0
                0x0000000092402c18       0x1c zephyr/arch/arch/xtensa/core/libarch__xtensa__core.a(vector_handlers.c.obj)
                                         0x3c (size before relaxing)
 .literal.xtensa_is_outside_stack_bounds
                0x0000000092402c34        0x0 zephyr/arch/arch/xtensa/core/libarch__xtensa__core.a(vector_handlers.c.obj)
                                          0x8 (size before relaxing)
 .literal.xtensa_is_frame_pointer_valid
                0x0000000092402c34        0x0 zephyr/arch/arch/xtensa/core/libarch__xtensa__core.a(vector_handlers.c.obj)
                                          0x8 (size before relaxing)
 .literal.xtensa_dump_stack
                0x0000000092402c34        0x0 zephyr/arch/arch/xtensa/core/libarch__xtensa__core.a(vector_handlers.c.obj)
                                          0x8 (size before relaxing)
 .literal.xtensa_int2_c
                0x0000000092402c34        0x8 zephyr/arch/arch/xtensa/core/libarch__xtensa__core.a(vector_handlers.c.obj)
                                          0xc (size before relaxing)
 .literal.xtensa_int3_c
                0x0000000092402c3c        0x0 zephyr/arch/arch/xtensa/core/libarch__xtensa__core.a(vector_handlers.c.obj)
                                          0x8 (size before relaxing)
 .literal.xtensa_int4_c
                0x0000000092402c3c        0x0 zephyr/arch/arch/xtensa/core/libarch__xtensa__core.a(vector_handlers.c.obj)
                                          0x4 (size before relaxing)
 .literal.xtensa_int5_c
                0x0000000092402c3c        0x0 zephyr/arch/arch/xtensa/core/libarch__xtensa__core.a(vector_handlers.c.obj)
                                          0x8 (size before relaxing)
 .literal.xtensa_excint1_c
                0x0000000092402c3c       0x24 zephyr/arch/arch/xtensa/core/libarch__xtensa__core.a(vector_handlers.c.obj)
                                         0x6c (size before relaxing)
 .literal.z_prep_c
                0x0000000092402c60        0x4 zephyr/arch/arch/xtensa/core/libarch__xtensa__core.a(prep_c.c.obj)
                                         0x14 (size before relaxing)
 .literal       0x0000000092402c64       0x14 zephyr/arch/arch/xtensa/core/libarch__xtensa__core.a(crt1.S.obj)
                                         0x18 (size before relaxing)
 .literal.cbvprintf
                0x0000000092402c78        0x4 zephyr/lib/libc/picolibc/liblib__libc__picolibc.a(cbprintf.c.obj)
                                          0xc (size before relaxing)
 .literal.z_errno_wrap
                0x0000000092402c7c        0x0 zephyr/lib/libc/picolibc/liblib__libc__picolibc.a(errno_wrap.c.obj)
                                          0x4 (size before relaxing)
 .literal.z_impl_zephyr_fputc
                0x0000000092402c7c        0x4 zephyr/lib/libc/picolibc/liblib__libc__picolibc.a(stdio.c.obj)
 .literal.picolibc_put
                0x0000000092402c80        0x0 zephyr/lib/libc/picolibc/liblib__libc__picolibc.a(stdio.c.obj)
                                          0x4 (size before relaxing)
 .literal.__stdout_hook_install
                0x0000000092402c80        0x4 zephyr/lib/libc/picolibc/liblib__libc__picolibc.a(stdio.c.obj)
                                          0x8 (size before relaxing)
 .literal.malloc_prepare
                0x0000000092402c84        0xc zephyr/lib/libc/common/liblib__libc__common.a(malloc.c.obj)
                                         0x10 (size before relaxing)
 .literal.fnmatchx
                0x0000000092402c90        0x0 zephyr/lib/posix/options/liblib__posix__options.a(fnmatch.c.obj)
                                         0x38 (size before relaxing)
 .literal.fnmatch
                0x0000000092402c90        0x0 zephyr/lib/posix/options/liblib__posix__options.a(fnmatch.c.obj)
                                          0x4 (size before relaxing)
 .literal.getopt_init
                0x0000000092402c90       0x10 zephyr/lib/posix/options/liblib__posix__options.a(getopt.c.obj)
                                         0x1c (size before relaxing)
 .literal.getopt
                0x0000000092402ca0        0x0 zephyr/lib/posix/options/liblib__posix__options.a(getopt.c.obj)
                                         0x20 (size before relaxing)
 .literal.z_getopt_global_state_update
                0x0000000092402ca0        0x0 zephyr/lib/posix/options/liblib__posix__options.a(getopt_common.c.obj)
                                         0x14 (size before relaxing)
 .literal.getopt_state_get
                0x0000000092402ca0        0x4 zephyr/lib/posix/options/liblib__posix__options.a(getopt_common.c.obj)
 .literal.irqsteer_isr_dispatcher
                0x0000000092402ca4        0x4 zephyr/drivers/interrupt_controller/libdrivers__interrupt_controller.a(intc_nxp_irqsteer.c.obj)
                                         0x18 (size before relaxing)
 .literal.z_soc_irq_enable_disable
                0x0000000092402ca8       0x18 zephyr/drivers/interrupt_controller/libdrivers__interrupt_controller.a(intc_nxp_irqsteer.c.obj)